Archive member included because of file (symbol)

c:/program files (x86)/gnu tools arm embedded/4.9 2015q1/bin/../lib/gcc/arm-none-eabi/4.9.3/armv7e-m\libgcc.a(_arm_addsubsf3.o)
                              ..\obj\IRQHandlers.o (__aeabi_fadd)
c:/program files (x86)/gnu tools arm embedded/4.9 2015q1/bin/../lib/gcc/arm-none-eabi/4.9.3/armv7e-m\libgcc.a(_arm_muldivsf3.o)
                              ..\obj\IRQHandlers.o (__aeabi_fmul)
c:/program files (x86)/gnu tools arm embedded/4.9 2015q1/bin/../lib/gcc/arm-none-eabi/4.9.3/armv7e-m\libgcc.a(_arm_fixunssfsi.o)
                              ..\obj\IRQHandlers.o (__aeabi_f2uiz)
c:/program files (x86)/gnu tools arm embedded/4.9 2015q1/bin/../lib/gcc/arm-none-eabi/4.9.3/../../../../arm-none-eabi/lib/armv7e-m\libg.a(lib_a-itoa.o)
                              ..\obj\ShowInfoLCD32.o (itoa)
c:/program files (x86)/gnu tools arm embedded/4.9 2015q1/bin/../lib/gcc/arm-none-eabi/4.9.3/../../../../arm-none-eabi/lib/armv7e-m\libg.a(lib_a-strcat.o)
                              ..\obj\ShowInfoLCD32.o (strcat)
c:/program files (x86)/gnu tools arm embedded/4.9 2015q1/bin/../lib/gcc/arm-none-eabi/4.9.3/../../../../arm-none-eabi/lib/armv7e-m\libg.a(lib_a-strcpy.o)
                              c:/program files (x86)/gnu tools arm embedded/4.9 2015q1/bin/../lib/gcc/arm-none-eabi/4.9.3/../../../../arm-none-eabi/lib/armv7e-m\libg.a(lib_a-strcat.o) (strcpy)
c:/program files (x86)/gnu tools arm embedded/4.9 2015q1/bin/../lib/gcc/arm-none-eabi/4.9.3/../../../../arm-none-eabi/lib/armv7e-m\libg.a(lib_a-strlen.o)
                              ..\obj\ShowInfoLCD32.o (strlen)
c:/program files (x86)/gnu tools arm embedded/4.9 2015q1/bin/../lib/gcc/arm-none-eabi/4.9.3/../../../../arm-none-eabi/lib/armv7e-m\libg.a(lib_a-utoa.o)
                              c:/program files (x86)/gnu tools arm embedded/4.9 2015q1/bin/../lib/gcc/arm-none-eabi/4.9.3/../../../../arm-none-eabi/lib/armv7e-m\libg.a(lib_a-itoa.o) (__utoa)

Allocating common symbols
Common symbol       size              file

CurrentPos          0x4               ..\obj\stm32f4_discovery_audio_codec.o
TIM_OCStruct        0x14              ..\obj\Tim3Init.o
motor_4             0x4               ..\obj\IRQHandlers.o
TIM_BaseStruct      0xc               ..\obj\Tim3Init.o
servoBackForth_4    0x4               ..\obj\IRQHandlers.o
servoBackForth_2    0x4               ..\obj\IRQHandlers.o
i2c                 0x10              ..\obj\I2C.o
AUDIO_MAL_DMA_InitStructure
                    0x3c              ..\obj\stm32f4_discovery_audio_codec.o
GPIO_InitStruct     0x8               ..\obj\Tim3Init.o
NVIC_InitStruct     0x4               ..\obj\Configure_PinsForIRQs.o
motor_2             0x4               ..\obj\IRQHandlers.o
gpio                0x8               ..\obj\I2C.o
EXTI_InitStruct     0x8               ..\obj\Configure_PinsForIRQs.o
NVIC_InitStructure  0x4               ..\obj\stm32f4_discovery.o
motor_3             0x4               ..\obj\IRQHandlers.o
servoBackForth_3    0x4               ..\obj\IRQHandlers.o
DMA_InitStructure   0x3c              ..\obj\stm32f4_discovery_audio_codec.o
servoBackForth_1    0x4               ..\obj\IRQHandlers.o
motor_1             0x4               ..\obj\IRQHandlers.o

Discarded input sections

 .text          0x00000000        0x0 ..\obj\IRQHandlers.o
 .text          0x00000000        0x0 ..\obj\stm32f4xx_syscfg.o
 .data          0x00000000        0x0 ..\obj\stm32f4xx_syscfg.o
 .bss           0x00000000        0x0 ..\obj\stm32f4xx_syscfg.o
 .text.SYSCFG_DeInit
                0x00000000       0x1c ..\obj\stm32f4xx_syscfg.o
 .text.SYSCFG_MemoryRemapConfig
                0x00000000       0x20 ..\obj\stm32f4xx_syscfg.o
 .text.SYSCFG_ETH_MediaInterfaceConfig
                0x00000000       0x1c ..\obj\stm32f4xx_syscfg.o
 .text.SYSCFG_CompensationCellCmd
                0x00000000       0x20 ..\obj\stm32f4xx_syscfg.o
 .text.SYSCFG_GetCompensationCellStatus
                0x00000000       0x34 ..\obj\stm32f4xx_syscfg.o
 .text          0x00000000        0x0 ..\obj\SSD1289.o
 .data          0x00000000        0x0 ..\obj\SSD1289.o
 .bss           0x00000000        0x0 ..\obj\SSD1289.o
 .rodata        0x00000000     0x11d0 ..\obj\SSD1289.o
 .text.SSD1289_ReadData
                0x00000000       0x84 ..\obj\SSD1289.o
 .text.SSD1289_ReadReg
                0x00000000       0x3c ..\obj\SSD1289.o
 .text.SSD1289_ClearLine
                0x00000000       0x64 ..\obj\SSD1289.o
 .text.SSD1289_GetPoint
                0x00000000       0x54 ..\obj\SSD1289.o
 .text.SSD1289_DrawLine
                0x00000000      0x1a8 ..\obj\SSD1289.o
 .text.SSD1289_PutChar
                0x00000000       0x3c ..\obj\SSD1289.o
 .text.SSD1289_PutCharFont
                0x00000000       0xe8 ..\obj\SSD1289.o
 .text.SSD1289_CleanPutChar
                0x00000000       0x38 ..\obj\SSD1289.o
 .text.SSD1289_Text
                0x00000000       0x38 ..\obj\SSD1289.o
 .text.SSD1289_TextFont
                0x00000000       0xac ..\obj\SSD1289.o
 .text.SSD1289_CleanText
                0x00000000       0x34 ..\obj\SSD1289.o
 .text.SSD1289_DrawPicture
                0x00000000       0x74 ..\obj\SSD1289.o
 .text.SSD1289_DrawPicture8bit
                0x00000000       0x8c ..\obj\SSD1289.o
 .text.SSD1289_DrawCircle
                0x00000000      0x1d0 ..\obj\SSD1289.o
 .text.SSD1289_FillCircle
                0x00000000      0x170 ..\obj\SSD1289.o
 .text.SSD1289_DrawRect
                0x00000000       0xdc ..\obj\SSD1289.o
 .text.SSD1289_DrawTriangle
                0x00000000       0xa4 ..\obj\SSD1289.o
 .text.SSD1289_DrawCross
                0x00000000      0x19c ..\obj\SSD1289.o
 .text.SSD1289_Backlight
                0x00000000       0x2c ..\obj\SSD1289.o
 .text          0x00000000        0x0 ..\obj\stm32f4_discovery_audio_codec.o
 .bss           0x00000000        0x8 ..\obj\stm32f4_discovery_audio_codec.o
 .text.EVAL_AUDIO_SetAudioInterface
                0x00000000      0x100 ..\obj\stm32f4_discovery_audio_codec.o
 .text.EVAL_AUDIO_Init
                0x00000000       0x58 ..\obj\stm32f4_discovery_audio_codec.o
 .text.EVAL_AUDIO_DeInit
                0x00000000       0x14 ..\obj\stm32f4_discovery_audio_codec.o
 .text.EVAL_AUDIO_Play
                0x00000000       0x78 ..\obj\stm32f4_discovery_audio_codec.o
 .text.EVAL_AUDIO_PauseResume
                0x00000000       0x2c ..\obj\stm32f4_discovery_audio_codec.o
 .text.EVAL_AUDIO_Stop
                0x00000000       0x38 ..\obj\stm32f4_discovery_audio_codec.o
 .text.EVAL_AUDIO_VolumeCtl
                0x00000000       0x40 ..\obj\stm32f4_discovery_audio_codec.o
 .text.EVAL_AUDIO_Mute
                0x00000000       0x18 ..\obj\stm32f4_discovery_audio_codec.o
 .text.Codec_Init
                0x00000000      0x158 ..\obj\stm32f4_discovery_audio_codec.o
 .text.Codec_DeInit
                0x00000000       0x34 ..\obj\stm32f4_discovery_audio_codec.o
 .text.Codec_Play
                0x00000000       0x10 ..\obj\stm32f4_discovery_audio_codec.o
 .text.Codec_PauseResume
                0x00000000       0x74 ..\obj\stm32f4_discovery_audio_codec.o
 .text.Codec_Stop
                0x00000000       0x5c ..\obj\stm32f4_discovery_audio_codec.o
 .text.Codec_VolumeCtrl
                0x00000000       0x78 ..\obj\stm32f4_discovery_audio_codec.o
 .text.Codec_Mute
                0x00000000       0x48 ..\obj\stm32f4_discovery_audio_codec.o
 .text.Codec_Reset
                0x00000000       0x28 ..\obj\stm32f4_discovery_audio_codec.o
 .text.Codec_WriteRegister
                0x00000000      0x160 ..\obj\stm32f4_discovery_audio_codec.o
 .text.Codec_ReadRegister
                0x00000000      0x208 ..\obj\stm32f4_discovery_audio_codec.o
 .text.Codec_CtrlInterface_Init
                0x00000000       0x54 ..\obj\stm32f4_discovery_audio_codec.o
 .text.Codec_CtrlInterface_DeInit
                0x00000000        0xc ..\obj\stm32f4_discovery_audio_codec.o
 .text.Codec_AudioInterface_Init
                0x00000000       0x80 ..\obj\stm32f4_discovery_audio_codec.o
 .text.Codec_AudioInterface_DeInit
                0x00000000       0x24 ..\obj\stm32f4_discovery_audio_codec.o
 .text.Codec_GPIO_Init
                0x00000000      0x120 ..\obj\stm32f4_discovery_audio_codec.o
 .text.Codec_GPIO_DeInit
                0x00000000       0x78 ..\obj\stm32f4_discovery_audio_codec.o
 .text.Delay    0x00000000       0x20 ..\obj\stm32f4_discovery_audio_codec.o
 .text.Audio_MAL_Init
                0x00000000      0x130 ..\obj\stm32f4_discovery_audio_codec.o
 .text.Audio_MAL_DeInit
                0x00000000       0x48 ..\obj\stm32f4_discovery_audio_codec.o
 .text.Audio_MAL_Play
                0x00000000       0x8c ..\obj\stm32f4_discovery_audio_codec.o
 .text.Audio_MAL_PauseResume
                0x00000000       0x64 ..\obj\stm32f4_discovery_audio_codec.o
 .text.Audio_MAL_Stop
                0x00000000       0x54 ..\obj\stm32f4_discovery_audio_codec.o
 .text.DAC_Config
                0x00000000       0x5c ..\obj\stm32f4_discovery_audio_codec.o
 .text          0x00000000        0x0 ..\obj\stm32f4xx_pwr.o
 .data          0x00000000        0x0 ..\obj\stm32f4xx_pwr.o
 .bss           0x00000000        0x0 ..\obj\stm32f4xx_pwr.o
 .text.PWR_DeInit
                0x00000000       0x1c ..\obj\stm32f4xx_pwr.o
 .text.PWR_BackupAccessCmd
                0x00000000       0x20 ..\obj\stm32f4xx_pwr.o
 .text.PWR_PVDLevelConfig
                0x00000000       0x38 ..\obj\stm32f4xx_pwr.o
 .text.PWR_PVDCmd
                0x00000000       0x20 ..\obj\stm32f4xx_pwr.o
 .text.PWR_WakeUpPinCmd
                0x00000000       0x20 ..\obj\stm32f4xx_pwr.o
 .text.PWR_BackupRegulatorCmd
                0x00000000       0x20 ..\obj\stm32f4xx_pwr.o
 .text.PWR_MainRegulatorModeConfig
                0x00000000       0x38 ..\obj\stm32f4xx_pwr.o
 .text.PWR_FlashPowerDownCmd
                0x00000000       0x20 ..\obj\stm32f4xx_pwr.o
 .text.PWR_EnterSTOPMode
                0x00000000       0x64 ..\obj\stm32f4xx_pwr.o
 .text.PWR_EnterSTANDBYMode
                0x00000000       0x3c ..\obj\stm32f4xx_pwr.o
 .text.PWR_GetFlagStatus
                0x00000000       0x34 ..\obj\stm32f4xx_pwr.o
 .text.PWR_ClearFlag
                0x00000000       0x24 ..\obj\stm32f4xx_pwr.o
 .debug_info    0x00000000      0x4fc ..\obj\stm32f4xx_pwr.o
 .debug_abbrev  0x00000000      0x17f ..\obj\stm32f4xx_pwr.o
 .debug_aranges
                0x00000000       0x78 ..\obj\stm32f4xx_pwr.o
 .debug_ranges  0x00000000       0x68 ..\obj\stm32f4xx_pwr.o
 .debug_line    0x00000000      0x282 ..\obj\stm32f4xx_pwr.o
 .debug_str     0x00000000      0x37b ..\obj\stm32f4xx_pwr.o
 .comment       0x00000000       0x71 ..\obj\stm32f4xx_pwr.o
 .debug_frame   0x00000000      0x1dc ..\obj\stm32f4xx_pwr.o
 .ARM.attributes
                0x00000000       0x33 ..\obj\stm32f4xx_pwr.o
 .text          0x00000000        0x0 ..\obj\stm32f4xx_dac.o
 .data          0x00000000        0x0 ..\obj\stm32f4xx_dac.o
 .bss           0x00000000        0x0 ..\obj\stm32f4xx_dac.o
 .text.DAC_DeInit
                0x00000000       0x1c ..\obj\stm32f4xx_dac.o
 .text.DAC_Init
                0x00000000       0x64 ..\obj\stm32f4xx_dac.o
 .text.DAC_StructInit
                0x00000000       0x2c ..\obj\stm32f4xx_dac.o
 .text.DAC_Cmd  0x00000000       0x48 ..\obj\stm32f4xx_dac.o
 .text.DAC_SoftwareTriggerCmd
                0x00000000       0x4c ..\obj\stm32f4xx_dac.o
 .text.DAC_DualSoftwareTriggerCmd
                0x00000000       0x38 ..\obj\stm32f4xx_dac.o
 .text.DAC_WaveGenerationCmd
                0x00000000       0x4c ..\obj\stm32f4xx_dac.o
 .text.DAC_SetChannel2Data
                0x00000000       0x34 ..\obj\stm32f4xx_dac.o
 .text.DAC_SetDualChannelData
                0x00000000       0x58 ..\obj\stm32f4xx_dac.o
 .text.DAC_GetDataOutputValue
                0x00000000       0x34 ..\obj\stm32f4xx_dac.o
 .text.DAC_DMACmd
                0x00000000       0x4c ..\obj\stm32f4xx_dac.o
 .text.DAC_ITConfig
                0x00000000       0x4c ..\obj\stm32f4xx_dac.o
 .text.DAC_GetFlagStatus
                0x00000000       0x3c ..\obj\stm32f4xx_dac.o
 .text.DAC_ClearFlag
                0x00000000       0x24 ..\obj\stm32f4xx_dac.o
 .text.DAC_GetITStatus
                0x00000000       0x58 ..\obj\stm32f4xx_dac.o
 .text.DAC_ClearITPendingBit
                0x00000000       0x24 ..\obj\stm32f4xx_dac.o
 .text          0x00000000        0x0 ..\obj\startup_stm32f4xx.o
 .data          0x00000000        0x0 ..\obj\startup_stm32f4xx.o
 .bss           0x00000000        0x0 ..\obj\startup_stm32f4xx.o
 .text          0x00000000        0x0 ..\obj\stm32f4_discovery.o
 .data          0x00000000       0x14 ..\obj\stm32f4_discovery.o
 .bss           0x00000000        0x0 ..\obj\stm32f4_discovery.o
 .rodata        0x00000000       0x30 ..\obj\stm32f4_discovery.o
 .text.STM_EVAL_LEDInit
                0x00000000       0x5c ..\obj\stm32f4_discovery.o
 .text.STM_EVAL_LEDOn
                0x00000000       0x30 ..\obj\stm32f4_discovery.o
 .text.STM_EVAL_LEDOff
                0x00000000       0x30 ..\obj\stm32f4_discovery.o
 .text.STM_EVAL_LEDToggle
                0x00000000       0x3c ..\obj\stm32f4_discovery.o
 .text.STM_EVAL_PBInit
                0x00000000       0x94 ..\obj\stm32f4_discovery.o
 .text.STM_EVAL_PBGetState
                0x00000000       0x2c ..\obj\stm32f4_discovery.o
 .text          0x00000000        0x0 ..\obj\main.o
 .data          0x00000000        0x0 ..\obj\main.o
 .bss           0x00000000        0x0 ..\obj\main.o
 .rodata        0x00000000     0x11d0 ..\obj\main.o
 .text          0x00000000        0x0 ..\obj\stm32f4xx_rcc.o
 .data          0x00000000       0x10 ..\obj\stm32f4xx_rcc.o
 .bss           0x00000000        0x0 ..\obj\stm32f4xx_rcc.o
 .text.RCC_DeInit
                0x00000000       0x50 ..\obj\stm32f4xx_rcc.o
 .text.RCC_HSEConfig
                0x00000000       0x24 ..\obj\stm32f4xx_rcc.o
 .text.RCC_WaitForHSEStartUp
                0x00000000       0x50 ..\obj\stm32f4xx_rcc.o
 .text.RCC_AdjustHSICalibrationValue
                0x00000000       0x3c ..\obj\stm32f4xx_rcc.o
 .text.RCC_HSICmd
                0x00000000       0x20 ..\obj\stm32f4xx_rcc.o
 .text.RCC_LSEConfig
                0x00000000       0x40 ..\obj\stm32f4xx_rcc.o
 .text.RCC_LSICmd
                0x00000000       0x20 ..\obj\stm32f4xx_rcc.o
 .text.RCC_PLLConfig
                0x00000000       0x3c ..\obj\stm32f4xx_rcc.o
 .text.RCC_PLLCmd
                0x00000000       0x20 ..\obj\stm32f4xx_rcc.o
 .text.RCC_PLLI2SConfig
                0x00000000       0x28 ..\obj\stm32f4xx_rcc.o
 .text.RCC_PLLI2SCmd
                0x00000000       0x20 ..\obj\stm32f4xx_rcc.o
 .text.RCC_ClockSecuritySystemCmd
                0x00000000       0x20 ..\obj\stm32f4xx_rcc.o
 .text.RCC_MCO1Config
                0x00000000       0x3c ..\obj\stm32f4xx_rcc.o
 .text.RCC_MCO2Config
                0x00000000       0x3c ..\obj\stm32f4xx_rcc.o
 .text.RCC_SYSCLKConfig
                0x00000000       0x38 ..\obj\stm32f4xx_rcc.o
 .text.RCC_GetSYSCLKSource
                0x00000000       0x20 ..\obj\stm32f4xx_rcc.o
 .text.RCC_HCLKConfig
                0x00000000       0x38 ..\obj\stm32f4xx_rcc.o
 .text.RCC_PCLK1Config
                0x00000000       0x38 ..\obj\stm32f4xx_rcc.o
 .text.RCC_PCLK2Config
                0x00000000       0x38 ..\obj\stm32f4xx_rcc.o
 .text.RCC_GetClocksFreq
                0x00000000      0x154 ..\obj\stm32f4xx_rcc.o
 .text.RCC_RTCCLKConfig
                0x00000000       0x5c ..\obj\stm32f4xx_rcc.o
 .text.RCC_RTCCLKCmd
                0x00000000       0x20 ..\obj\stm32f4xx_rcc.o
 .text.RCC_BackupResetCmd
                0x00000000       0x20 ..\obj\stm32f4xx_rcc.o
 .text.RCC_I2SCLKConfig
                0x00000000       0x1c ..\obj\stm32f4xx_rcc.o
 .text.RCC_AHB2PeriphClockCmd
                0x00000000       0x3c ..\obj\stm32f4xx_rcc.o
 .text.RCC_AHB3PeriphClockCmd
                0x00000000       0x3c ..\obj\stm32f4xx_rcc.o
 .text.RCC_AHB1PeriphResetCmd
                0x00000000       0x3c ..\obj\stm32f4xx_rcc.o
 .text.RCC_AHB2PeriphResetCmd
                0x00000000       0x3c ..\obj\stm32f4xx_rcc.o
 .text.RCC_AHB3PeriphResetCmd
                0x00000000       0x3c ..\obj\stm32f4xx_rcc.o
 .text.RCC_APB1PeriphResetCmd
                0x00000000       0x3c ..\obj\stm32f4xx_rcc.o
 .text.RCC_APB2PeriphResetCmd
                0x00000000       0x3c ..\obj\stm32f4xx_rcc.o
 .text.RCC_AHB1PeriphClockLPModeCmd
                0x00000000       0x3c ..\obj\stm32f4xx_rcc.o
 .text.RCC_AHB2PeriphClockLPModeCmd
                0x00000000       0x3c ..\obj\stm32f4xx_rcc.o
 .text.RCC_AHB3PeriphClockLPModeCmd
                0x00000000       0x3c ..\obj\stm32f4xx_rcc.o
 .text.RCC_APB1PeriphClockLPModeCmd
                0x00000000       0x3c ..\obj\stm32f4xx_rcc.o
 .text.RCC_APB2PeriphClockLPModeCmd
                0x00000000       0x3c ..\obj\stm32f4xx_rcc.o
 .text.RCC_ITConfig
                0x00000000       0x4c ..\obj\stm32f4xx_rcc.o
 .text.RCC_GetFlagStatus
                0x00000000       0x74 ..\obj\stm32f4xx_rcc.o
 .text.RCC_ClearFlag
                0x00000000       0x1c ..\obj\stm32f4xx_rcc.o
 .text.RCC_GetITStatus
                0x00000000       0x38 ..\obj\stm32f4xx_rcc.o
 .text.RCC_ClearITPendingBit
                0x00000000       0x20 ..\obj\stm32f4xx_rcc.o
 .text          0x00000000        0x0 ..\obj\stm32f4xx_it.o
 .data          0x00000000        0x0 ..\obj\stm32f4xx_it.o
 .bss           0x00000000        0x0 ..\obj\stm32f4xx_it.o
 .rodata        0x00000000     0x11d0 ..\obj\stm32f4xx_it.o
 .text          0x00000000        0x0 ..\obj\AsciiLib.o
 .data          0x00000000        0x0 ..\obj\AsciiLib.o
 .bss           0x00000000        0x0 ..\obj\AsciiLib.o
 .text          0x00000000        0x0 ..\obj\Tim3Init.o
 .data          0x00000000        0x4 ..\obj\Tim3Init.o
 .bss           0x00000000        0x0 ..\obj\Tim3Init.o
 .text.Tim3_PB_Init
                0x00000000       0x50 ..\obj\Tim3Init.o
 .text.Tim3_PC_Init
                0x00000000       0x58 ..\obj\Tim3Init.o
 .text.Tim3_TIMER_Init
                0x00000000       0x60 ..\obj\Tim3Init.o
 .text.Tim3_PWM_Init
                0x00000000       0x8c ..\obj\Tim3Init.o
 .text.Tim3_NVIC_Init
                0x00000000       0x40 ..\obj\Tim3Init.o
 .text.Tim3Init
                0x00000000       0x1c ..\obj\Tim3Init.o
 .text          0x00000000        0x0 ..\obj\I2C.o
 .data          0x00000000        0x0 ..\obj\I2C.o
 .bss           0x00000000        0x0 ..\obj\I2C.o
 .text.init_I2C1
                0x00000000       0xa0 ..\obj\I2C.o
 .text.I2C_StartTransmission
                0x00000000       0x88 ..\obj\I2C.o
 .text.I2C_WriteData
                0x00000000       0x30 ..\obj\I2C.o
 .text.I2C_ReadData
                0x00000000       0x30 ..\obj\I2C.o
 .debug_info    0x00000000      0x4cf ..\obj\I2C.o
 .debug_abbrev  0x00000000      0x16d ..\obj\I2C.o
 .debug_aranges
                0x00000000       0x38 ..\obj\I2C.o
 .debug_ranges  0x00000000       0x28 ..\obj\I2C.o
 .debug_line    0x00000000      0x229 ..\obj\I2C.o
 .debug_str     0x00000000      0x45a ..\obj\I2C.o
 .comment       0x00000000       0x71 ..\obj\I2C.o
 .debug_frame   0x00000000       0x98 ..\obj\I2C.o
 .ARM.attributes
                0x00000000       0x33 ..\obj\I2C.o
 COMMON         0x00000000       0x18 ..\obj\I2C.o
 .text          0x00000000        0x0 ..\obj\stm32f4xx_gpio.o
 .data          0x00000000        0x0 ..\obj\stm32f4xx_gpio.o
 .bss           0x00000000        0x0 ..\obj\stm32f4xx_gpio.o
 .text.GPIO_DeInit
                0x00000000      0x120 ..\obj\stm32f4xx_gpio.o
 .text.GPIO_StructInit
                0x00000000       0x34 ..\obj\stm32f4xx_gpio.o
 .text.GPIO_PinLockConfig
                0x00000000       0x44 ..\obj\stm32f4xx_gpio.o
 .text.GPIO_ReadInputDataBit
                0x00000000       0x34 ..\obj\stm32f4xx_gpio.o
 .text.GPIO_ReadInputData
                0x00000000       0x1c ..\obj\stm32f4xx_gpio.o
 .text.GPIO_ReadOutputDataBit
                0x00000000       0x34 ..\obj\stm32f4xx_gpio.o
 .text.GPIO_ReadOutputData
                0x00000000       0x1c ..\obj\stm32f4xx_gpio.o
 .text.GPIO_WriteBit
                0x00000000       0x30 ..\obj\stm32f4xx_gpio.o
 .text.GPIO_Write
                0x00000000       0x1c ..\obj\stm32f4xx_gpio.o
 .text.GPIO_ToggleBits
                0x00000000       0x24 ..\obj\stm32f4xx_gpio.o
 .text          0x00000000        0x0 ..\obj\system_stm32f4xx.o
 .bss           0x00000000        0x0 ..\obj\system_stm32f4xx.o
 .text.SystemCoreClockUpdate
                0x00000000       0xf8 ..\obj\system_stm32f4xx.o
 .text          0x00000000        0x0 ..\obj\stm32f4xx_dma.o
 .data          0x00000000        0x0 ..\obj\stm32f4xx_dma.o
 .bss           0x00000000        0x0 ..\obj\stm32f4xx_dma.o
 .text.DMA_DeInit
                0x00000000      0x1a4 ..\obj\stm32f4xx_dma.o
 .text.DMA_StructInit
                0x00000000       0x6c ..\obj\stm32f4xx_dma.o
 .text.DMA_PeriphIncOffsetSizeConfig
                0x00000000       0x34 ..\obj\stm32f4xx_dma.o
 .text.DMA_FlowControllerConfig
                0x00000000       0x34 ..\obj\stm32f4xx_dma.o
 .text.DMA_SetCurrDataCounter
                0x00000000       0x1c ..\obj\stm32f4xx_dma.o
 .text.DMA_GetCurrDataCounter
                0x00000000       0x1c ..\obj\stm32f4xx_dma.o
 .text.DMA_DoubleBufferModeConfig
                0x00000000       0x3c ..\obj\stm32f4xx_dma.o
 .text.DMA_DoubleBufferModeCmd
                0x00000000       0x38 ..\obj\stm32f4xx_dma.o
 .text.DMA_MemoryTargetConfig
                0x00000000       0x2c ..\obj\stm32f4xx_dma.o
 .text.DMA_GetCurrentMemoryTarget
                0x00000000       0x30 ..\obj\stm32f4xx_dma.o
 .text.DMA_GetFIFOStatus
                0x00000000       0x24 ..\obj\stm32f4xx_dma.o
 .text.DMA_ITConfig
                0x00000000       0x74 ..\obj\stm32f4xx_dma.o
 .text.DMA_GetITStatus
                0x00000000       0xb0 ..\obj\stm32f4xx_dma.o
 .text.DMA_ClearITPendingBit
                0x00000000       0x5c ..\obj\stm32f4xx_dma.o
 .text          0x00000000        0x0 ..\obj\DelayForLCD32.o
 .data          0x00000000        0x0 ..\obj\DelayForLCD32.o
 .text          0x00000000        0x0 ..\obj\stm32f4_discovery_callbacks.o
 .data          0x00000000        0x0 ..\obj\stm32f4_discovery_callbacks.o
 .bss           0x00000000        0x0 ..\obj\stm32f4_discovery_callbacks.o
 .text          0x00000000        0x0 ..\obj\Tim4Init.o
 .text          0x00000000        0x0 ..\obj\SPI.o
 .data          0x00000000        0x0 ..\obj\SPI.o
 .bss           0x00000000        0x0 ..\obj\SPI.o
 .text.Init_SPI_1
                0x00000000        0xc ..\obj\SPI.o
 .text.Init_a   0x00000000        0xc ..\obj\SPI.o
 .debug_info    0x00000000       0x44 ..\obj\SPI.o
 .debug_abbrev  0x00000000       0x28 ..\obj\SPI.o
 .debug_aranges
                0x00000000       0x28 ..\obj\SPI.o
 .debug_ranges  0x00000000       0x18 ..\obj\SPI.o
 .debug_line    0x00000000       0x5b ..\obj\SPI.o
 .debug_str     0x00000000       0xa9 ..\obj\SPI.o
 .comment       0x00000000       0x71 ..\obj\SPI.o
 .debug_frame   0x00000000       0x50 ..\obj\SPI.o
 .ARM.attributes
                0x00000000       0x33 ..\obj\SPI.o
 .text          0x00000000        0x0 ..\obj\stm32f4xx_spi.o
 .data          0x00000000        0x0 ..\obj\stm32f4xx_spi.o
 .bss           0x00000000        0x0 ..\obj\stm32f4xx_spi.o
 .text.SPI_I2S_DeInit
                0x00000000       0x74 ..\obj\stm32f4xx_spi.o
 .text.SPI_Init
                0x00000000       0x88 ..\obj\stm32f4xx_spi.o
 .text.I2S_Init
                0x00000000      0x1b4 ..\obj\stm32f4xx_spi.o
 .text.SPI_StructInit
                0x00000000       0x48 ..\obj\stm32f4xx_spi.o
 .text.I2S_StructInit
                0x00000000       0x38 ..\obj\stm32f4xx_spi.o
 .text.SPI_Cmd  0x00000000       0x40 ..\obj\stm32f4xx_spi.o
 .text.I2S_Cmd  0x00000000       0x40 ..\obj\stm32f4xx_spi.o
 .text.SPI_DataSizeConfig
                0x00000000       0x38 ..\obj\stm32f4xx_spi.o
 .text.SPI_BiDirectionalLineConfig
                0x00000000       0x40 ..\obj\stm32f4xx_spi.o
 .text.SPI_NSSInternalSoftwareConfig
                0x00000000       0x44 ..\obj\stm32f4xx_spi.o
 .text.SPI_SSOutputCmd
                0x00000000       0x40 ..\obj\stm32f4xx_spi.o
 .text.SPI_TIModeCmd
                0x00000000       0x40 ..\obj\stm32f4xx_spi.o
 .text.I2S_FullDuplexConfig
                0x00000000       0x9c ..\obj\stm32f4xx_spi.o
 .text.SPI_I2S_ReceiveData
                0x00000000       0x1c ..\obj\stm32f4xx_spi.o
 .text.SPI_CalculateCRC
                0x00000000       0x40 ..\obj\stm32f4xx_spi.o
 .text.SPI_TransmitCRC
                0x00000000       0x24 ..\obj\stm32f4xx_spi.o
 .text.SPI_GetCRC
                0x00000000       0x34 ..\obj\stm32f4xx_spi.o
 .text.SPI_GetCRCPolynomial
                0x00000000       0x1c ..\obj\stm32f4xx_spi.o
 .text.SPI_I2S_DMACmd
                0x00000000       0x48 ..\obj\stm32f4xx_spi.o
 .text.SPI_I2S_ITConfig
                0x00000000       0x60 ..\obj\stm32f4xx_spi.o
 .text.SPI_I2S_ClearFlag
                0x00000000       0x20 ..\obj\stm32f4xx_spi.o
 .text.SPI_I2S_GetITStatus
                0x00000000       0x78 ..\obj\stm32f4xx_spi.o
 .text.SPI_I2S_ClearITPendingBit
                0x00000000       0x34 ..\obj\stm32f4xx_spi.o
 .text          0x00000000        0x0 ..\obj\ShowInfoLCD32.o
 .data          0x00000000        0x0 ..\obj\ShowInfoLCD32.o
 .bss           0x00000000        0x0 ..\obj\ShowInfoLCD32.o
 .text          0x00000000        0x0 ..\obj\stm32f4xx_i2c.o
 .data          0x00000000        0x0 ..\obj\stm32f4xx_i2c.o
 .bss           0x00000000        0x0 ..\obj\stm32f4xx_i2c.o
 .text.I2C_DeInit
                0x00000000       0x74 ..\obj\stm32f4xx_i2c.o
 .text.I2C_Init
                0x00000000      0x184 ..\obj\stm32f4xx_i2c.o
 .text.I2C_StructInit
                0x00000000       0x3c ..\obj\stm32f4xx_i2c.o
 .text.I2C_Cmd  0x00000000       0x40 ..\obj\stm32f4xx_i2c.o
 .text.I2C_GenerateSTART
                0x00000000       0x40 ..\obj\stm32f4xx_i2c.o
 .text.I2C_GenerateSTOP
                0x00000000       0x40 ..\obj\stm32f4xx_i2c.o
 .text.I2C_Send7bitAddress
                0x00000000       0x3c ..\obj\stm32f4xx_i2c.o
 .text.I2C_AcknowledgeConfig
                0x00000000       0x40 ..\obj\stm32f4xx_i2c.o
 .text.I2C_OwnAddress2Config
                0x00000000       0x40 ..\obj\stm32f4xx_i2c.o
 .text.I2C_DualAddressCmd
                0x00000000       0x40 ..\obj\stm32f4xx_i2c.o
 .text.I2C_GeneralCallCmd
                0x00000000       0x40 ..\obj\stm32f4xx_i2c.o
 .text.I2C_SoftwareResetCmd
                0x00000000       0x44 ..\obj\stm32f4xx_i2c.o
 .text.I2C_StretchClockCmd
                0x00000000       0x40 ..\obj\stm32f4xx_i2c.o
 .text.I2C_FastModeDutyCycleConfig
                0x00000000       0x40 ..\obj\stm32f4xx_i2c.o
 .text.I2C_NACKPositionConfig
                0x00000000       0x40 ..\obj\stm32f4xx_i2c.o
 .text.I2C_SMBusAlertConfig
                0x00000000       0x40 ..\obj\stm32f4xx_i2c.o
 .text.I2C_ARPCmd
                0x00000000       0x40 ..\obj\stm32f4xx_i2c.o
 .text.I2C_SendData
                0x00000000       0x20 ..\obj\stm32f4xx_i2c.o
 .text.I2C_ReceiveData
                0x00000000       0x1c ..\obj\stm32f4xx_i2c.o
 .text.I2C_TransmitPEC
                0x00000000       0x40 ..\obj\stm32f4xx_i2c.o
 .text.I2C_PECPositionConfig
                0x00000000       0x40 ..\obj\stm32f4xx_i2c.o
 .text.I2C_CalculatePEC
                0x00000000       0x40 ..\obj\stm32f4xx_i2c.o
 .text.I2C_GetPEC
                0x00000000       0x20 ..\obj\stm32f4xx_i2c.o
 .text.I2C_DMACmd
                0x00000000       0x40 ..\obj\stm32f4xx_i2c.o
 .text.I2C_DMALastTransferCmd
                0x00000000       0x40 ..\obj\stm32f4xx_i2c.o
 .text.I2C_ReadRegister
                0x00000000       0x30 ..\obj\stm32f4xx_i2c.o
 .text.I2C_ITConfig
                0x00000000       0x48 ..\obj\stm32f4xx_i2c.o
 .text.I2C_CheckEvent
                0x00000000       0x60 ..\obj\stm32f4xx_i2c.o
 .text.I2C_GetLastEvent
                0x00000000       0x44 ..\obj\stm32f4xx_i2c.o
 .text.I2C_GetFlagStatus
                0x00000000       0x68 ..\obj\stm32f4xx_i2c.o
 .text.I2C_ClearFlag
                0x00000000       0x2c ..\obj\stm32f4xx_i2c.o
 .text.I2C_GetITStatus
                0x00000000       0x5c ..\obj\stm32f4xx_i2c.o
 .text.I2C_ClearITPendingBit
                0x00000000       0x2c ..\obj\stm32f4xx_i2c.o
 .debug_info    0x00000000      0xaf4 ..\obj\stm32f4xx_i2c.o
 .debug_abbrev  0x00000000      0x164 ..\obj\stm32f4xx_i2c.o
 .debug_aranges
                0x00000000      0x120 ..\obj\stm32f4xx_i2c.o
 .debug_ranges  0x00000000      0x110 ..\obj\stm32f4xx_i2c.o
 .debug_line    0x00000000      0x492 ..\obj\stm32f4xx_i2c.o
 .debug_str     0x00000000      0x64f ..\obj\stm32f4xx_i2c.o
 .comment       0x00000000       0x71 ..\obj\stm32f4xx_i2c.o
 .debug_frame   0x00000000      0x530 ..\obj\stm32f4xx_i2c.o
 .ARM.attributes
                0x00000000       0x33 ..\obj\stm32f4xx_i2c.o
 .text          0x00000000        0x0 ..\obj\stm32f4xx_rng.o
 .data          0x00000000        0x0 ..\obj\stm32f4xx_rng.o
 .bss           0x00000000        0x0 ..\obj\stm32f4xx_rng.o
 .text.RNG_DeInit
                0x00000000       0x18 ..\obj\stm32f4xx_rng.o
 .text.RNG_Cmd  0x00000000       0x38 ..\obj\stm32f4xx_rng.o
 .text.RNG_GetRandomNumber
                0x00000000       0x18 ..\obj\stm32f4xx_rng.o
 .text.RNG_ITConfig
                0x00000000       0x38 ..\obj\stm32f4xx_rng.o
 .text.RNG_GetFlagStatus
                0x00000000       0x38 ..\obj\stm32f4xx_rng.o
 .text.RNG_ClearFlag
                0x00000000       0x24 ..\obj\stm32f4xx_rng.o
 .text.RNG_GetITStatus
                0x00000000       0x38 ..\obj\stm32f4xx_rng.o
 .text.RNG_ClearITPendingBit
                0x00000000       0x24 ..\obj\stm32f4xx_rng.o
 .debug_info    0x00000000      0x27f ..\obj\stm32f4xx_rng.o
 .debug_abbrev  0x00000000      0x144 ..\obj\stm32f4xx_rng.o
 .debug_aranges
                0x00000000       0x58 ..\obj\stm32f4xx_rng.o
 .debug_ranges  0x00000000       0x48 ..\obj\stm32f4xx_rng.o
 .debug_line    0x00000000      0x208 ..\obj\stm32f4xx_rng.o
 .debug_str     0x00000000      0x263 ..\obj\stm32f4xx_rng.o
 .comment       0x00000000       0x71 ..\obj\stm32f4xx_rng.o
 .debug_frame   0x00000000      0x13c ..\obj\stm32f4xx_rng.o
 .ARM.attributes
                0x00000000       0x33 ..\obj\stm32f4xx_rng.o
 .text          0x00000000        0x0 ..\obj\stm32f4xx_exti.o
 .data          0x00000000        0x0 ..\obj\stm32f4xx_exti.o
 .bss           0x00000000        0x0 ..\obj\stm32f4xx_exti.o
 .text.EXTI_DeInit
                0x00000000       0x34 ..\obj\stm32f4xx_exti.o
 .text.EXTI_StructInit
                0x00000000       0x2c ..\obj\stm32f4xx_exti.o
 .text.EXTI_GenerateSWInterrupt
                0x00000000       0x24 ..\obj\stm32f4xx_exti.o
 .text.EXTI_GetFlagStatus
                0x00000000       0x34 ..\obj\stm32f4xx_exti.o
 .text.EXTI_ClearFlag
                0x00000000       0x1c ..\obj\stm32f4xx_exti.o
 .text          0x00000000        0x0 ..\obj\misc.o
 .data          0x00000000        0x0 ..\obj\misc.o
 .bss           0x00000000        0x0 ..\obj\misc.o
 .text.NVIC_PriorityGroupConfig
                0x00000000       0x24 ..\obj\misc.o
 .text.NVIC_SetVectorTable
                0x00000000       0x2c ..\obj\misc.o
 .text.NVIC_SystemLPConfig
                0x00000000       0x40 ..\obj\misc.o
 .text.SysTick_CLKSourceConfig
                0x00000000       0x38 ..\obj\misc.o
 .text          0x00000000        0x0 ..\obj\stm32f4_discovery_lis302dl.o
 .data          0x00000000        0x4 ..\obj\stm32f4_discovery_lis302dl.o
 .bss           0x00000000        0x0 ..\obj\stm32f4_discovery_lis302dl.o
 .text.LIS302DL_Init
                0x00000000       0x4c ..\obj\stm32f4_discovery_lis302dl.o
 .text.LIS302DL_FilterConfig
                0x00000000       0x54 ..\obj\stm32f4_discovery_lis302dl.o
 .text.LIS302DL_InterruptConfig
                0x00000000       0x44 ..\obj\stm32f4_discovery_lis302dl.o
 .text.LIS302DL_LowpowerCmd
                0x00000000       0x40 ..\obj\stm32f4_discovery_lis302dl.o
 .text.LIS302DL_DataRateCmd
                0x00000000       0x40 ..\obj\stm32f4_discovery_lis302dl.o
 .text.LIS302DL_FullScaleCmd
                0x00000000       0x40 ..\obj\stm32f4_discovery_lis302dl.o
 .text.LIS302DL_RebootCmd
                0x00000000       0x30 ..\obj\stm32f4_discovery_lis302dl.o
 .text.LIS302DL_Write
                0x00000000       0x60 ..\obj\stm32f4_discovery_lis302dl.o
 .text.LIS302DL_Read
                0x00000000       0x6c ..\obj\stm32f4_discovery_lis302dl.o
 .text.LIS302DL_ReadACC
                0x00000000       0xb4 ..\obj\stm32f4_discovery_lis302dl.o
 .text.LIS302DL_LowLevel_Init
                0x00000000      0x134 ..\obj\stm32f4_discovery_lis302dl.o
 .text.LIS302DL_SendByte
                0x00000000       0x90 ..\obj\stm32f4_discovery_lis302dl.o
 .debug_info    0x00000000      0x7c4 ..\obj\stm32f4_discovery_lis302dl.o
 .debug_abbrev  0x00000000      0x1b9 ..\obj\stm32f4_discovery_lis302dl.o
 .debug_aranges
                0x00000000       0x78 ..\obj\stm32f4_discovery_lis302dl.o
 .debug_ranges  0x00000000       0x68 ..\obj\stm32f4_discovery_lis302dl.o
 .debug_line    0x00000000      0x36e ..\obj\stm32f4_discovery_lis302dl.o
 .debug_str     0x00000000      0x74b ..\obj\stm32f4_discovery_lis302dl.o
 .comment       0x00000000       0x71 ..\obj\stm32f4_discovery_lis302dl.o
 .debug_frame   0x00000000      0x1c0 ..\obj\stm32f4_discovery_lis302dl.o
 .ARM.attributes
                0x00000000       0x33 ..\obj\stm32f4_discovery_lis302dl.o
 .text          0x00000000        0x0 ..\obj\stm32f4xx_tim.o
 .data          0x00000000        0x0 ..\obj\stm32f4xx_tim.o
 .bss           0x00000000        0x0 ..\obj\stm32f4xx_tim.o
 .text.TIM_DeInit
                0x00000000      0x1bc ..\obj\stm32f4xx_tim.o
 .text.TIM_TimeBaseStructInit
                0x00000000       0x34 ..\obj\stm32f4xx_tim.o
 .text.TIM_PrescalerConfig
                0x00000000       0x28 ..\obj\stm32f4xx_tim.o
 .text.TIM_CounterModeConfig
                0x00000000       0x38 ..\obj\stm32f4xx_tim.o
 .text.TIM_SetCounter
                0x00000000       0x1c ..\obj\stm32f4xx_tim.o
 .text.TIM_SetAutoreload
                0x00000000       0x1c ..\obj\stm32f4xx_tim.o
 .text.TIM_GetCounter
                0x00000000       0x18 ..\obj\stm32f4xx_tim.o
 .text.TIM_GetPrescaler
                0x00000000       0x1c ..\obj\stm32f4xx_tim.o
 .text.TIM_UpdateDisableConfig
                0x00000000       0x40 ..\obj\stm32f4xx_tim.o
 .text.TIM_UpdateRequestConfig
                0x00000000       0x40 ..\obj\stm32f4xx_tim.o
 .text.TIM_SelectOnePulseMode
                0x00000000       0x38 ..\obj\stm32f4xx_tim.o
 .text.TIM_SetClockDivision
                0x00000000       0x38 ..\obj\stm32f4xx_tim.o
 .text.TIM_OCStructInit
                0x00000000       0x44 ..\obj\stm32f4xx_tim.o
 .text.TIM_SelectOCxM
                0x00000000       0xb0 ..\obj\stm32f4xx_tim.o
 .text.TIM_SetCompare1
                0x00000000       0x1c ..\obj\stm32f4xx_tim.o
 .text.TIM_SetCompare2
                0x00000000       0x1c ..\obj\stm32f4xx_tim.o
 .text.TIM_SetCompare3
                0x00000000       0x1c ..\obj\stm32f4xx_tim.o
 .text.TIM_SetCompare4
                0x00000000       0x1c ..\obj\stm32f4xx_tim.o
 .text.TIM_ForcedOC1Config
                0x00000000       0x38 ..\obj\stm32f4xx_tim.o
 .text.TIM_ForcedOC2Config
                0x00000000       0x3c ..\obj\stm32f4xx_tim.o
 .text.TIM_ForcedOC3Config
                0x00000000       0x38 ..\obj\stm32f4xx_tim.o
 .text.TIM_ForcedOC4Config
                0x00000000       0x3c ..\obj\stm32f4xx_tim.o
 .text.TIM_OC1FastConfig
                0x00000000       0x38 ..\obj\stm32f4xx_tim.o
 .text.TIM_OC2FastConfig
                0x00000000       0x3c ..\obj\stm32f4xx_tim.o
 .text.TIM_OC3FastConfig
                0x00000000       0x38 ..\obj\stm32f4xx_tim.o
 .text.TIM_OC4FastConfig
                0x00000000       0x3c ..\obj\stm32f4xx_tim.o
 .text.TIM_ClearOC1Ref
                0x00000000       0x38 ..\obj\stm32f4xx_tim.o
 .text.TIM_ClearOC2Ref
                0x00000000       0x3c ..\obj\stm32f4xx_tim.o
 .text.TIM_ClearOC3Ref
                0x00000000       0x38 ..\obj\stm32f4xx_tim.o
 .text.TIM_ClearOC4Ref
                0x00000000       0x3c ..\obj\stm32f4xx_tim.o
 .text.TIM_OC1PolarityConfig
                0x00000000       0x38 ..\obj\stm32f4xx_tim.o
 .text.TIM_OC1NPolarityConfig
                0x00000000       0x38 ..\obj\stm32f4xx_tim.o
 .text.TIM_OC2PolarityConfig
                0x00000000       0x3c ..\obj\stm32f4xx_tim.o
 .text.TIM_OC2NPolarityConfig
                0x00000000       0x3c ..\obj\stm32f4xx_tim.o
 .text.TIM_OC3PolarityConfig
                0x00000000       0x3c ..\obj\stm32f4xx_tim.o
 .text.TIM_OC3NPolarityConfig
                0x00000000       0x3c ..\obj\stm32f4xx_tim.o
 .text.TIM_OC4PolarityConfig
                0x00000000       0x3c ..\obj\stm32f4xx_tim.o
 .text.TIM_CCxCmd
                0x00000000       0x54 ..\obj\stm32f4xx_tim.o
 .text.TIM_CCxNCmd
                0x00000000       0x54 ..\obj\stm32f4xx_tim.o
 .text.TIM_ICInit
                0x00000000       0xa8 ..\obj\stm32f4xx_tim.o
 .text.TIM_ICStructInit
                0x00000000       0x30 ..\obj\stm32f4xx_tim.o
 .text.TIM_PWMIConfig
                0x00000000       0xb8 ..\obj\stm32f4xx_tim.o
 .text.TIM_GetCapture1
                0x00000000       0x18 ..\obj\stm32f4xx_tim.o
 .text.TIM_GetCapture2
                0x00000000       0x18 ..\obj\stm32f4xx_tim.o
 .text.TIM_GetCapture3
                0x00000000       0x18 ..\obj\stm32f4xx_tim.o
 .text.TIM_GetCapture4
                0x00000000       0x18 ..\obj\stm32f4xx_tim.o
 .text.TIM_SetIC1Prescaler
                0x00000000       0x38 ..\obj\stm32f4xx_tim.o
 .text.TIM_SetIC2Prescaler
                0x00000000       0x3c ..\obj\stm32f4xx_tim.o
 .text.TIM_SetIC3Prescaler
                0x00000000       0x38 ..\obj\stm32f4xx_tim.o
 .text.TIM_SetIC4Prescaler
                0x00000000       0x3c ..\obj\stm32f4xx_tim.o
 .text.TIM_BDTRConfig
                0x00000000       0x50 ..\obj\stm32f4xx_tim.o
 .text.TIM_BDTRStructInit
                0x00000000       0x3c ..\obj\stm32f4xx_tim.o
 .text.TIM_CtrlPWMOutputs
                0x00000000       0x4c ..\obj\stm32f4xx_tim.o
 .text.TIM_SelectCOM
                0x00000000       0x40 ..\obj\stm32f4xx_tim.o
 .text.TIM_CCPreloadControl
                0x00000000       0x40 ..\obj\stm32f4xx_tim.o
 .text.TIM_GenerateEvent
                0x00000000       0x1c ..\obj\stm32f4xx_tim.o
 .text.TIM_GetFlagStatus
                0x00000000       0x38 ..\obj\stm32f4xx_tim.o
 .text.TIM_ClearFlag
                0x00000000       0x20 ..\obj\stm32f4xx_tim.o
 .text.TIM_DMAConfig
                0x00000000       0x28 ..\obj\stm32f4xx_tim.o
 .text.TIM_DMACmd
                0x00000000       0x48 ..\obj\stm32f4xx_tim.o
 .text.TIM_SelectCCDMA
                0x00000000       0x40 ..\obj\stm32f4xx_tim.o
 .text.TIM_InternalClockConfig
                0x00000000       0x24 ..\obj\stm32f4xx_tim.o
 .text.TIM_ITRxExternalClockConfig
                0x00000000       0x2c ..\obj\stm32f4xx_tim.o
 .text.TIM_TIxExternalClockConfig
                0x00000000       0x60 ..\obj\stm32f4xx_tim.o
 .text.TIM_ETRClockMode1Config
                0x00000000       0x5c ..\obj\stm32f4xx_tim.o
 .text.TIM_ETRClockMode2Config
                0x00000000       0x3c ..\obj\stm32f4xx_tim.o
 .text.TIM_SelectInputTrigger
                0x00000000       0x38 ..\obj\stm32f4xx_tim.o
 .text.TIM_SelectOutputTrigger
                0x00000000       0x38 ..\obj\stm32f4xx_tim.o
 .text.TIM_SelectSlaveMode
                0x00000000       0x38 ..\obj\stm32f4xx_tim.o
 .text.TIM_SelectMasterSlaveMode
                0x00000000       0x38 ..\obj\stm32f4xx_tim.o
 .text.TIM_ETRConfig
                0x00000000       0x54 ..\obj\stm32f4xx_tim.o
 .text.TIM_EncoderInterfaceConfig
                0x00000000       0x98 ..\obj\stm32f4xx_tim.o
 .text.TIM_SelectHallSensor
                0x00000000       0x40 ..\obj\stm32f4xx_tim.o
 .text.TIM_RemapConfig
                0x00000000       0x20 ..\obj\stm32f4xx_tim.o
 .text.TI1_Config
                0x00000000       0x84 ..\obj\stm32f4xx_tim.o
 .text.TI2_Config
                0x00000000       0x98 ..\obj\stm32f4xx_tim.o
 .text.TI3_Config
                0x00000000       0x90 ..\obj\stm32f4xx_tim.o
 .text.TI4_Config
                0x00000000       0x9c ..\obj\stm32f4xx_tim.o
 .text          0x00000000        0x0 ..\obj\Configure_PinsForIRQs.o
 .data          0x00000000        0x0 ..\obj\Configure_PinsForIRQs.o
 .bss           0x00000000        0x0 ..\obj\Configure_PinsForIRQs.o
 .data          0x00000000        0x0 c:/program files (x86)/gnu tools arm embedded/4.9 2015q1/bin/../lib/gcc/arm-none-eabi/4.9.3/armv7e-m\libgcc.a(_arm_addsubsf3.o)
 .bss           0x00000000        0x0 c:/program files (x86)/gnu tools arm embedded/4.9 2015q1/bin/../lib/gcc/arm-none-eabi/4.9.3/armv7e-m\libgcc.a(_arm_addsubsf3.o)
 .data          0x00000000        0x0 c:/program files (x86)/gnu tools arm embedded/4.9 2015q1/bin/../lib/gcc/arm-none-eabi/4.9.3/armv7e-m\libgcc.a(_arm_muldivsf3.o)
 .bss           0x00000000        0x0 c:/program files (x86)/gnu tools arm embedded/4.9 2015q1/bin/../lib/gcc/arm-none-eabi/4.9.3/armv7e-m\libgcc.a(_arm_muldivsf3.o)
 .data          0x00000000        0x0 c:/program files (x86)/gnu tools arm embedded/4.9 2015q1/bin/../lib/gcc/arm-none-eabi/4.9.3/armv7e-m\libgcc.a(_arm_fixunssfsi.o)
 .bss           0x00000000        0x0 c:/program files (x86)/gnu tools arm embedded/4.9 2015q1/bin/../lib/gcc/arm-none-eabi/4.9.3/armv7e-m\libgcc.a(_arm_fixunssfsi.o)
 .text          0x00000000        0x0 c:/program files (x86)/gnu tools arm embedded/4.9 2015q1/bin/../lib/gcc/arm-none-eabi/4.9.3/../../../../arm-none-eabi/lib/armv7e-m\libg.a(lib_a-itoa.o)
 .data          0x00000000        0x0 c:/program files (x86)/gnu tools arm embedded/4.9 2015q1/bin/../lib/gcc/arm-none-eabi/4.9.3/../../../../arm-none-eabi/lib/armv7e-m\libg.a(lib_a-itoa.o)
 .bss           0x00000000        0x0 c:/program files (x86)/gnu tools arm embedded/4.9 2015q1/bin/../lib/gcc/arm-none-eabi/4.9.3/../../../../arm-none-eabi/lib/armv7e-m\libg.a(lib_a-itoa.o)
 .text          0x00000000        0x0 c:/program files (x86)/gnu tools arm embedded/4.9 2015q1/bin/../lib/gcc/arm-none-eabi/4.9.3/../../../../arm-none-eabi/lib/armv7e-m\libg.a(lib_a-strcat.o)
 .data          0x00000000        0x0 c:/program files (x86)/gnu tools arm embedded/4.9 2015q1/bin/../lib/gcc/arm-none-eabi/4.9.3/../../../../arm-none-eabi/lib/armv7e-m\libg.a(lib_a-strcat.o)
 .bss           0x00000000        0x0 c:/program files (x86)/gnu tools arm embedded/4.9 2015q1/bin/../lib/gcc/arm-none-eabi/4.9.3/../../../../arm-none-eabi/lib/armv7e-m\libg.a(lib_a-strcat.o)
 .text          0x00000000        0x0 c:/program files (x86)/gnu tools arm embedded/4.9 2015q1/bin/../lib/gcc/arm-none-eabi/4.9.3/../../../../arm-none-eabi/lib/armv7e-m\libg.a(lib_a-strcpy.o)
 .data          0x00000000        0x0 c:/program files (x86)/gnu tools arm embedded/4.9 2015q1/bin/../lib/gcc/arm-none-eabi/4.9.3/../../../../arm-none-eabi/lib/armv7e-m\libg.a(lib_a-strcpy.o)
 .bss           0x00000000        0x0 c:/program files (x86)/gnu tools arm embedded/4.9 2015q1/bin/../lib/gcc/arm-none-eabi/4.9.3/../../../../arm-none-eabi/lib/armv7e-m\libg.a(lib_a-strcpy.o)
 .text          0x00000000        0x0 c:/program files (x86)/gnu tools arm embedded/4.9 2015q1/bin/../lib/gcc/arm-none-eabi/4.9.3/../../../../arm-none-eabi/lib/armv7e-m\libg.a(lib_a-strlen.o)
 .data          0x00000000        0x0 c:/program files (x86)/gnu tools arm embedded/4.9 2015q1/bin/../lib/gcc/arm-none-eabi/4.9.3/../../../../arm-none-eabi/lib/armv7e-m\libg.a(lib_a-strlen.o)
 .bss           0x00000000        0x0 c:/program files (x86)/gnu tools arm embedded/4.9 2015q1/bin/../lib/gcc/arm-none-eabi/4.9.3/../../../../arm-none-eabi/lib/armv7e-m\libg.a(lib_a-strlen.o)
 .text          0x00000000        0x0 c:/program files (x86)/gnu tools arm embedded/4.9 2015q1/bin/../lib/gcc/arm-none-eabi/4.9.3/../../../../arm-none-eabi/lib/armv7e-m\libg.a(lib_a-utoa.o)
 .data          0x00000000        0x0 c:/program files (x86)/gnu tools arm embedded/4.9 2015q1/bin/../lib/gcc/arm-none-eabi/4.9.3/../../../../arm-none-eabi/lib/armv7e-m\libg.a(lib_a-utoa.o)
 .bss           0x00000000        0x0 c:/program files (x86)/gnu tools arm embedded/4.9 2015q1/bin/../lib/gcc/arm-none-eabi/4.9.3/../../../../arm-none-eabi/lib/armv7e-m\libg.a(lib_a-utoa.o)
 .text.utoa     0x00000000        0x4 c:/program files (x86)/gnu tools arm embedded/4.9 2015q1/bin/../lib/gcc/arm-none-eabi/4.9.3/../../../../arm-none-eabi/lib/armv7e-m\libg.a(lib_a-utoa.o)

Memory Configuration

Name             Origin             Length             Attributes
rom              0x08000000         0x00100000         xr
ram              0x20000000         0x00020000         xrw
ram1             0x10000000         0x00010000         xrw
*default*        0x00000000         0xffffffff

Linker script and memory map

                0x20020000                _eram = 0x20020000

.text           0x08000000     0x65b0
 *(.isr_vector)
 .isr_vector    0x08000000      0x188 ..\obj\startup_stm32f4xx.o
                0x08000000                g_pfnVectors
 *(.text*)
 .text.EXTI0_IRQHandler
                0x08000188       0x18 ..\obj\IRQHandlers.o
                0x08000188                EXTI0_IRQHandler
 .text.EXTI1_IRQHandler
                0x080001a0      0x150 ..\obj\IRQHandlers.o
                0x080001a0                EXTI1_IRQHandler
 .text.EXTI2_IRQHandler
                0x080002f0      0x170 ..\obj\IRQHandlers.o
                0x080002f0                EXTI2_IRQHandler
 .text.EXTI3_IRQHandler
                0x08000460       0x18 ..\obj\IRQHandlers.o
                0x08000460                EXTI3_IRQHandler
 .text.EXTI4_IRQHandler
                0x08000478       0x18 ..\obj\IRQHandlers.o
                0x08000478                EXTI4_IRQHandler
 .text.EXTI9_5_IRQHandler
                0x08000490       0xb8 ..\obj\IRQHandlers.o
                0x08000490                EXTI9_5_IRQHandler
 .text.SYSCFG_EXTILineConfig
                0x08000548       0x84 ..\obj\stm32f4xx_syscfg.o
                0x08000548                SYSCFG_EXTILineConfig
 .text.SSD1289_Configuration
                0x080005cc       0x68 ..\obj\SSD1289.o
 .text.SSD1289_WriteIndex
                0x08000634       0x48 ..\obj\SSD1289.o
                0x08000634                SSD1289_WriteIndex
 .text.SSD1289_WriteData
                0x0800067c       0x3c ..\obj\SSD1289.o
                0x0800067c                SSD1289_WriteData
 .text.SSD1289_WriteReg
                0x080006b8       0x40 ..\obj\SSD1289.o
                0x080006b8                SSD1289_WriteReg
 .text.SSD1289_SetCursor
                0x080006f8       0x3c ..\obj\SSD1289.o
 .text.SSD1289_Init
                0x08000734      0x2a8 ..\obj\SSD1289.o
                0x08000734                SSD1289_Init
 .text.SSD1289_Clear
                0x080009dc       0x58 ..\obj\SSD1289.o
                0x080009dc                SSD1289_Clear
 .text.SSD1289_SetPoint
                0x08000a34       0x40 ..\obj\SSD1289.o
                0x08000a34                SSD1289_SetPoint
 .text.SSD1289_CleanPutCharFont
                0x08000a74       0xcc ..\obj\SSD1289.o
                0x08000a74                SSD1289_CleanPutCharFont
 .text.SSD1289_CleanTextFont
                0x08000b40       0x6c ..\obj\SSD1289.o
                0x08000b40                SSD1289_CleanTextFont
 .text.SSD1289_FillRect
                0x08000bac       0xa4 ..\obj\SSD1289.o
                0x08000bac                SSD1289_FillRect
 .text.Audio_MAL_IRQHandler
                0x08000c50       0xf8 ..\obj\stm32f4_discovery_audio_codec.o
 .text.DMA1_Stream7_IRQHandler
                0x08000d48        0xc ..\obj\stm32f4_discovery_audio_codec.o
                0x08000d48                DMA1_Stream7_IRQHandler
 .text.DMA1_Stream0_IRQHandler
                0x08000d54        0xc ..\obj\stm32f4_discovery_audio_codec.o
                0x08000d54                DMA1_Stream0_IRQHandler
 .text.SPI3_IRQHandler
                0x08000d60       0x40 ..\obj\stm32f4_discovery_audio_codec.o
                0x08000d60                SPI3_IRQHandler
 .text.DAC_SetChannel1Data
                0x08000da0       0x34 ..\obj\stm32f4xx_dac.o
                0x08000da0                DAC_SetChannel1Data
 .text.Default_Reset_Handler
                0x08000dd4       0x58 ..\obj\startup_stm32f4xx.o
                0x08000dd4                Default_Reset_Handler
                0x08000dd4                Reset_Handler
 .text.Default_Handler
                0x08000e2c        0x8 ..\obj\startup_stm32f4xx.o
                0x08000e2c                RTC_Alarm_IRQHandler
                0x08000e2c                HASH_RNG_IRQHandler
                0x08000e2c                TIM8_CC_IRQHandler
                0x08000e2c                TIM1_CC_IRQHandler
                0x08000e2c                DMA2_Stream5_IRQHandler
                0x08000e2c                DMA1_Stream5_IRQHandler
                0x08000e2c                PVD_IRQHandler
                0x08000e2c                SDIO_IRQHandler
                0x08000e2c                TAMP_STAMP_IRQHandler
                0x08000e2c                CAN2_RX1_IRQHandler
                0x08000e2c                TIM8_TRG_COM_TIM14_IRQHandler
                0x08000e2c                TIM1_UP_TIM10_IRQHandler
                0x08000e2c                TIM8_UP_TIM13_IRQHandler
                0x08000e2c                I2C3_ER_IRQHandler
                0x08000e2c                I2C2_EV_IRQHandler
                0x08000e2c                DMA1_Stream2_IRQHandler
                0x08000e2c                CAN1_RX0_IRQHandler
                0x08000e2c                FPU_IRQHandler
                0x08000e2c                OTG_HS_WKUP_IRQHandler
                0x08000e2c                CAN2_SCE_IRQHandler
                0x08000e2c                DMA2_Stream2_IRQHandler
                0x08000e2c                SPI1_IRQHandler
                0x08000e2c                TIM6_DAC_IRQHandler
                0x08000e2c                TIM1_BRK_TIM9_IRQHandler
                0x08000e2c                DCMI_IRQHandler
                0x08000e2c                CAN2_RX0_IRQHandler
                0x08000e2c                DMA2_Stream3_IRQHandler
                0x08000e2c                USART6_IRQHandler
                0x08000e2c                USART3_IRQHandler
                0x08000e2c                CRYP_IRQHandler
                0x08000e2c                CAN1_RX1_IRQHandler
                0x08000e2c                UART5_IRQHandler
                0x08000e2c                DMA2_Stream0_IRQHandler
                0x08000e2c                I2C1_EV_IRQHandler
                0x08000e2c                DMA1_Stream6_IRQHandler
                0x08000e2c                DMA1_Stream1_IRQHandler
                0x08000e2c                UART4_IRQHandler
                0x08000e2c                RCC_IRQHandler
                0x08000e2c                TIM8_BRK_TIM12_IRQHandler
                0x08000e2c                EXTI15_10_IRQHandler
                0x08000e2c                ADC_IRQHandler
                0x08000e2c                TIM7_IRQHandler
                0x08000e2c                CAN2_TX_IRQHandler
                0x08000e2c                TIM5_IRQHandler
                0x08000e2c                DMA2_Stream7_IRQHandler
                0x08000e2c                I2C3_EV_IRQHandler
                0x08000e2c                RTC_WKUP_IRQHandler
                0x08000e2c                ETH_WKUP_IRQHandler
                0x08000e2c                SPI2_IRQHandler
                0x08000e2c                OTG_HS_EP1_IN_IRQHandler
                0x08000e2c                CAN1_TX_IRQHandler
                0x08000e2c                FSMC_IRQHandler
                0x08000e2c                ETH_IRQHandler
                0x08000e2c                OTG_HS_EP1_OUT_IRQHandler
                0x08000e2c                WWDG_IRQHandler
                0x08000e2c                TIM2_IRQHandler
                0x08000e2c                OTG_FS_WKUP_IRQHandler
                0x08000e2c                TIM1_TRG_COM_TIM11_IRQHandler
                0x08000e2c                OTG_HS_IRQHandler
                0x08000e2c                USART2_IRQHandler
                0x08000e2c                I2C2_ER_IRQHandler
                0x08000e2c                DMA2_Stream1_IRQHandler
                0x08000e2c                CAN1_SCE_IRQHandler
                0x08000e2c                FLASH_IRQHandler
                0x08000e2c                DMA2_Stream4_IRQHandler
                0x08000e2c                USART1_IRQHandler
                0x08000e2c                OTG_FS_IRQHandler
                0x08000e2c                DMA1_Stream4_IRQHandler
                0x08000e2c                I2C1_ER_IRQHandler
                0x08000e2c                DMA2_Stream6_IRQHandler
                0x08000e2c                DMA1_Stream3_IRQHandler
 .text.NVIC_SetPriority
                0x08000e34       0x54 ..\obj\main.o
 .text.SysTick_Config
                0x08000e88       0x44 ..\obj\main.o
 .text.main     0x08000ecc       0x38 ..\obj\main.o
                0x08000ecc                main
 .text.RCC_AHB1PeriphClockCmd
                0x08000f04       0x3c ..\obj\stm32f4xx_rcc.o
                0x08000f04                RCC_AHB1PeriphClockCmd
 .text.RCC_APB1PeriphClockCmd
                0x08000f40       0x3c ..\obj\stm32f4xx_rcc.o
                0x08000f40                RCC_APB1PeriphClockCmd
 .text.RCC_APB2PeriphClockCmd
                0x08000f7c       0x3c ..\obj\stm32f4xx_rcc.o
                0x08000f7c                RCC_APB2PeriphClockCmd
 .text.NMI_Handler
                0x08000fb8        0xc ..\obj\stm32f4xx_it.o
                0x08000fb8                NMI_Handler
 .text.HardFault_Handler
                0x08000fc4        0x8 ..\obj\stm32f4xx_it.o
                0x08000fc4                HardFault_Handler
 .text.MemManage_Handler
                0x08000fcc        0x8 ..\obj\stm32f4xx_it.o
                0x08000fcc                MemManage_Handler
 .text.BusFault_Handler
                0x08000fd4        0x8 ..\obj\stm32f4xx_it.o
                0x08000fd4                BusFault_Handler
 .text.UsageFault_Handler
                0x08000fdc        0x8 ..\obj\stm32f4xx_it.o
                0x08000fdc                UsageFault_Handler
 .text.SVC_Handler
                0x08000fe4        0xc ..\obj\stm32f4xx_it.o
                0x08000fe4                SVC_Handler
 .text.DebugMon_Handler
                0x08000ff0        0xc ..\obj\stm32f4xx_it.o
                0x08000ff0                DebugMon_Handler
 .text.PendSV_Handler
                0x08000ffc        0xc ..\obj\stm32f4xx_it.o
                0x08000ffc                PendSV_Handler
 .text.SysTick_Handler
                0x08001008        0xc ..\obj\stm32f4xx_it.o
                0x08001008                SysTick_Handler
 .text.GetASCIICode
                0x08001014       0xa0 ..\obj\AsciiLib.o
                0x08001014                GetASCIICode
 .text.TIM3_IRQHandler
                0x080010b4       0x20 ..\obj\Tim3Init.o
                0x080010b4                TIM3_IRQHandler
 .text.GPIO_Init
                0x080010d4      0x11c ..\obj\stm32f4xx_gpio.o
                0x080010d4                GPIO_Init
 .text.GPIO_SetBits
                0x080011f0       0x1c ..\obj\stm32f4xx_gpio.o
                0x080011f0                GPIO_SetBits
 .text.GPIO_ResetBits
                0x0800120c       0x1c ..\obj\stm32f4xx_gpio.o
                0x0800120c                GPIO_ResetBits
 .text.GPIO_PinAFConfig
                0x08001228       0x90 ..\obj\stm32f4xx_gpio.o
                0x08001228                GPIO_PinAFConfig
 .text.SystemInit
                0x080012b8       0x58 ..\obj\system_stm32f4xx.o
                0x080012b8                SystemInit
 .text.SetSysClock
                0x08001310       0xf4 ..\obj\system_stm32f4xx.o
 .text.DMA_Init
                0x08001404       0xac ..\obj\stm32f4xx_dma.o
                0x08001404                DMA_Init
 .text.DMA_Cmd  0x080014b0       0x38 ..\obj\stm32f4xx_dma.o
                0x080014b0                DMA_Cmd
 .text.DMA_GetCmdStatus
                0x080014e8       0x30 ..\obj\stm32f4xx_dma.o
                0x080014e8                DMA_GetCmdStatus
 .text.DMA_GetFlagStatus
                0x08001518       0x78 ..\obj\stm32f4xx_dma.o
                0x08001518                DMA_GetFlagStatus
 .text.DMA_ClearFlag
                0x08001590       0x5c ..\obj\stm32f4xx_dma.o
                0x08001590                DMA_ClearFlag
 .text.Delay    0x080015ec       0x28 ..\obj\DelayForLCD32.o
                0x080015ec                Delay
 .text.TimingDelay_Decrement
                0x08001614       0x24 ..\obj\DelayForLCD32.o
                0x08001614                TimingDelay_Decrement
 .text.EVAL_AUDIO_TransferComplete_CallBack
                0x08001638       0x14 ..\obj\stm32f4_discovery_callbacks.o
                0x08001638                EVAL_AUDIO_TransferComplete_CallBack
 .text.EVAL_AUDIO_GetSampleCallBack
                0x0800164c       0x10 ..\obj\stm32f4_discovery_callbacks.o
                0x0800164c                EVAL_AUDIO_GetSampleCallBack
 .text.Tim4_LEDS_Init
                0x0800165c       0x6c ..\obj\Tim4Init.o
                0x0800165c                Tim4_LEDS_Init
 .text.Tim4_TIMER_Init
                0x080016c8       0x60 ..\obj\Tim4Init.o
                0x080016c8                Tim4_TIMER_Init
 .text.Tim4_PWM_Init
                0x08001728       0x8c ..\obj\Tim4Init.o
                0x08001728                Tim4_PWM_Init
 .text.Tim4_NVIC_Init
                0x080017b4       0x40 ..\obj\Tim4Init.o
                0x080017b4                Tim4_NVIC_Init
 .text.TIM4_IRQHandler
                0x080017f4       0x64 ..\obj\Tim4Init.o
                0x080017f4                TIM4_IRQHandler
 .text.Tim4Init
                0x08001858       0x1c ..\obj\Tim4Init.o
                0x08001858                Tim4Init
 .text.SPI_I2S_SendData
                0x08001874       0x1c ..\obj\stm32f4xx_spi.o
                0x08001874                SPI_I2S_SendData
 .text.SPI_I2S_GetFlagStatus
                0x08001890       0x38 ..\obj\stm32f4xx_spi.o
                0x08001890                SPI_I2S_GetFlagStatus
 .text.AddSeparator
                0x080018c8       0x90 ..\obj\ShowInfoLCD32.o
                0x080018c8                AddSeparator
 .text.Tim3_Show
                0x08001958      0x13c ..\obj\ShowInfoLCD32.o
                0x08001958                Tim3_Show
 .text.Tim4_Show
                0x08001a94      0x13c ..\obj\ShowInfoLCD32.o
                0x08001a94                Tim4_Show
 .text.EXTI_Init
                0x08001bd0       0xe4 ..\obj\stm32f4xx_exti.o
                0x08001bd0                EXTI_Init
 .text.EXTI_GetITStatus
                0x08001cb4       0x48 ..\obj\stm32f4xx_exti.o
                0x08001cb4                EXTI_GetITStatus
 .text.EXTI_ClearITPendingBit
                0x08001cfc       0x1c ..\obj\stm32f4xx_exti.o
                0x08001cfc                EXTI_ClearITPendingBit
 .text.NVIC_Init
                0x08001d18       0xc0 ..\obj\misc.o
                0x08001d18                NVIC_Init
 .text.TIM_TimeBaseInit
                0x08001dd8       0xd4 ..\obj\stm32f4xx_tim.o
                0x08001dd8                TIM_TimeBaseInit
 .text.TIM_ARRPreloadConfig
                0x08001eac       0x40 ..\obj\stm32f4xx_tim.o
                0x08001eac                TIM_ARRPreloadConfig
 .text.TIM_Cmd  0x08001eec       0x40 ..\obj\stm32f4xx_tim.o
                0x08001eec                TIM_Cmd
 .text.TIM_OC1Init
                0x08001f2c       0xf4 ..\obj\stm32f4xx_tim.o
                0x08001f2c                TIM_OC1Init
 .text.TIM_OC2Init
                0x08002020      0x110 ..\obj\stm32f4xx_tim.o
                0x08002020                TIM_OC2Init
 .text.TIM_OC3Init
                0x08002130      0x10c ..\obj\stm32f4xx_tim.o
                0x08002130                TIM_OC3Init
 .text.TIM_OC4Init
                0x0800223c       0xcc ..\obj\stm32f4xx_tim.o
                0x0800223c                TIM_OC4Init
 .text.TIM_OC1PreloadConfig
                0x08002308       0x38 ..\obj\stm32f4xx_tim.o
                0x08002308                TIM_OC1PreloadConfig
 .text.TIM_OC2PreloadConfig
                0x08002340       0x3c ..\obj\stm32f4xx_tim.o
                0x08002340                TIM_OC2PreloadConfig
 .text.TIM_OC3PreloadConfig
                0x0800237c       0x38 ..\obj\stm32f4xx_tim.o
                0x0800237c                TIM_OC3PreloadConfig
 .text.TIM_OC4PreloadConfig
                0x080023b4       0x3c ..\obj\stm32f4xx_tim.o
                0x080023b4                TIM_OC4PreloadConfig
 .text.TIM_ITConfig
                0x080023f0       0x48 ..\obj\stm32f4xx_tim.o
                0x080023f0                TIM_ITConfig
 .text.TIM_GetITStatus
                0x08002438       0x54 ..\obj\stm32f4xx_tim.o
                0x08002438                TIM_GetITStatus
 .text.TIM_ClearITPendingBit
                0x0800248c       0x20 ..\obj\stm32f4xx_tim.o
                0x0800248c                TIM_ClearITPendingBit
 .text.Configure_PD_Pins
                0x080024ac       0x48 ..\obj\Configure_PinsForIRQs.o
                0x080024ac                Configure_PD_Pins
 .text.Configure_Line_0
                0x080024f4       0x54 ..\obj\Configure_PinsForIRQs.o
                0x080024f4                Configure_Line_0
 .text.Configure_Line_1
                0x08002548       0x54 ..\obj\Configure_PinsForIRQs.o
                0x08002548                Configure_Line_1
 .text.Configure_Line_2
                0x0800259c       0x54 ..\obj\Configure_PinsForIRQs.o
                0x0800259c                Configure_Line_2
 .text.Configure_Line_3
                0x080025f0       0x54 ..\obj\Configure_PinsForIRQs.o
                0x080025f0                Configure_Line_3
 .text.Configure_Line_4
                0x08002644       0x54 ..\obj\Configure_PinsForIRQs.o
                0x08002644                Configure_Line_4
 .text.Configure_Line_5
                0x08002698       0x54 ..\obj\Configure_PinsForIRQs.o
                0x08002698                Configure_Line_5
 .text.Configure_Line_6
                0x080026ec       0x54 ..\obj\Configure_PinsForIRQs.o
                0x080026ec                Configure_Line_6
 .text.Configure_Line_7
                0x08002740       0x54 ..\obj\Configure_PinsForIRQs.o
                0x08002740                Configure_Line_7
 .text.Configure_Line_8
                0x08002794       0x54 ..\obj\Configure_PinsForIRQs.o
                0x08002794                Configure_Line_8
 .text.Configure_Line_9
                0x080027e8       0x54 ..\obj\Configure_PinsForIRQs.o
                0x080027e8                Configure_Line_9
 .text.Configure_Line_10
                0x0800283c       0x54 ..\obj\Configure_PinsForIRQs.o
                0x0800283c                Configure_Line_10
 .text.Configure_PinsForIRQsInit
                0x08002890       0x38 ..\obj\Configure_PinsForIRQs.o
                0x08002890                Configure_PinsForIRQsInit
 .text          0x080028c8      0x21c c:/program files (x86)/gnu tools arm embedded/4.9 2015q1/bin/../lib/gcc/arm-none-eabi/4.9.3/armv7e-m\libgcc.a(_arm_addsubsf3.o)
                0x080028c8                __aeabi_frsub
                0x080028d0                __subsf3
                0x080028d0                __aeabi_fsub
                0x080028d4                __aeabi_fadd
                0x080028d4                __addsf3
                0x08002a34                __aeabi_ui2f
                0x08002a34                __floatunsisf
                0x08002a3c                __aeabi_i2f
                0x08002a3c                __floatsisf
                0x08002a58                __aeabi_ul2f
                0x08002a58                __floatundisf
                0x08002a68                __aeabi_l2f
                0x08002a68                __floatdisf
 .text          0x08002ae4      0x2a0 c:/program files (x86)/gnu tools arm embedded/4.9 2015q1/bin/../lib/gcc/arm-none-eabi/4.9.3/armv7e-m\libgcc.a(_arm_muldivsf3.o)
                0x08002ae4                __mulsf3
                0x08002ae4                __aeabi_fmul
                0x08002c4c                __aeabi_fdiv
                0x08002c4c                __divsf3
 .text          0x08002d84       0x40 c:/program files (x86)/gnu tools arm embedded/4.9 2015q1/bin/../lib/gcc/arm-none-eabi/4.9.3/armv7e-m\libgcc.a(_arm_fixunssfsi.o)
                0x08002d84                __fixunssfsi
                0x08002d84                __aeabi_f2uiz
 .text.__itoa   0x08002dc4       0x30 c:/program files (x86)/gnu tools arm embedded/4.9 2015q1/bin/../lib/gcc/arm-none-eabi/4.9.3/../../../../arm-none-eabi/lib/armv7e-m\libg.a(lib_a-itoa.o)
                0x08002dc4                __itoa
 .text.itoa     0x08002df4        0x4 c:/program files (x86)/gnu tools arm embedded/4.9 2015q1/bin/../lib/gcc/arm-none-eabi/4.9.3/../../../../arm-none-eabi/lib/armv7e-m\libg.a(lib_a-itoa.o)
                0x08002df4                itoa
 .text.strcat   0x08002df8       0x40 c:/program files (x86)/gnu tools arm embedded/4.9 2015q1/bin/../lib/gcc/arm-none-eabi/4.9.3/../../../../arm-none-eabi/lib/armv7e-m\libg.a(lib_a-strcat.o)
                0x08002df8                strcat
 .text.strcpy   0x08002e38       0xbc c:/program files (x86)/gnu tools arm embedded/4.9 2015q1/bin/../lib/gcc/arm-none-eabi/4.9.3/../../../../arm-none-eabi/lib/armv7e-m\libg.a(lib_a-strcpy.o)
                0x08002e38                strcpy
 .text.strlen   0x08002ef4       0x5c c:/program files (x86)/gnu tools arm embedded/4.9 2015q1/bin/../lib/gcc/arm-none-eabi/4.9.3/../../../../arm-none-eabi/lib/armv7e-m\libg.a(lib_a-strlen.o)
                0x08002ef4                strlen
 .text.__utoa   0x08002f50       0x80 c:/program files (x86)/gnu tools arm embedded/4.9 2015q1/bin/../lib/gcc/arm-none-eabi/4.9.3/../../../../arm-none-eabi/lib/armv7e-m\libg.a(lib_a-utoa.o)
                0x08002f50                __utoa
 *(.init)
 *(.fini)
 *crtbegin.o(.ctors)
 *crtbegin?.o(.ctors)
 *(EXCLUDE_FILE(*crtend.o *crtend?.o) .ctors)
 *(SORT(.ctors.*))
 *(.ctors)
 *crtbegin.o(.dtors)
 *crtbegin?.o(.dtors)
 *(EXCLUDE_FILE(*crtend.o *crtend?.o) .dtors)
 *(SORT(.dtors.*))
 *(.dtors)
 *(.rodata*)
 .rodata        0x08002fd0     0x11f0 ..\obj\IRQHandlers.o
 .rodata        0x080041c0     0x11d0 ..\obj\AsciiLib.o
 .rodata        0x08005390     0x11f8 ..\obj\ShowInfoLCD32.o
 .rodata.str1.4
                0x08006588       0x28 c:/program files (x86)/gnu tools arm embedded/4.9 2015q1/bin/../lib/gcc/arm-none-eabi/4.9.3/../../../../arm-none-eabi/lib/armv7e-m\libg.a(lib_a-utoa.o)
 *(.eh_fram e*)

.glue_7         0x080065b0        0x0
 .glue_7        0x00000000        0x0 linker stubs

.glue_7t        0x080065b0        0x0
 .glue_7t       0x00000000        0x0 linker stubs

.vfp11_veneer   0x080065b0        0x0
 .vfp11_veneer  0x00000000        0x0 linker stubs

.v4_bx          0x080065b0        0x0
 .v4_bx         0x00000000        0x0 linker stubs

.iplt           0x080065b0        0x0
 .iplt          0x00000000        0x0 ..\obj\IRQHandlers.o

.rel.dyn        0x080065b0        0x0
 .rel.iplt      0x00000000        0x0 ..\obj\IRQHandlers.o

.ARM.extab
 *(.ARM.extab* .gnu.linkonce.armextab.*)
                0x080065b0                __exidx_start = .

.ARM.exidx
 *(.ARM.exidx* .gnu.linkonce.armexidx.*)
                0x080065b0                __exidx_end = .
                0x080065b0                __etext = .
                0x080065b0                _sidata = __etext

.data           0x20000000       0x78 load address 0x080065b0
                0x20000000                __data_start__ = .
                0x20000000                _sdata = __data_start__
 *(vtable)
 *(.data*)
 .data          0x20000000       0x28 ..\obj\IRQHandlers.o
                0x20000000                resiver_pulse
                0x20000004                motor_koef
                0x20000008                motor_etalon
                0x2000000c                motor_2_koef
                0x20000010                motor_3_koef
                0x20000014                motor_4_koef
                0x20000018                servoBackForth_difference
                0x2000001c                servoBackForth_difference_temp
                0x20000020                servoBackForth_koef
                0x20000024                servoBackForth_etalon
 .data          0x20000028       0x34 ..\obj\stm32f4_discovery_audio_codec.o
                0x20000028                AudioTotalSize
                0x2000002c                AudioRemSize
                0x20000030                CODECTimeout
                0x20000034                CurrAudioInterface
                0x20000038                AUDIO_MAL_DMA_CLOCK
                0x2000003c                AUDIO_MAL_DMA_STREAM
                0x20000040                AUDIO_MAL_DMA_DREG
                0x20000044                AUDIO_MAL_DMA_IRQ
                0x20000048                AUDIO_MAL_DMA_FLAG_TC
                0x2000004c                AUDIO_MAL_DMA_FLAG_HT
                0x20000050                AUDIO_MAL_DMA_FLAG_FE
                0x20000054                AUDIO_MAL_DMA_FLAG_TE
                0x20000058                AUDIO_MAL_DMA_FLAG_DME
 .data          0x2000005c       0x14 ..\obj\system_stm32f4xx.o
                0x2000005c                SystemCoreClock
                0x20000060                AHBPrescTable
 .data          0x20000070        0x8 ..\obj\Tim4Init.o
                0x20000070                tim4_motor_pulse_begin
                0x20000074                wait_before_start_motors_etalon
                0x20000078                . = ALIGN (0x4)
                0x20000078                PROVIDE (__preinit_array_start, .)
 *(.preinit_array)
                0x20000078                PROVIDE (__preinit_array_end, .)
                0x20000078                . = ALIGN (0x4)
                0x20000078                PROVIDE (__init_array_start, .)
 *(SORT(.init_array.*))
 *(.init_array)
                0x20000078                PROVIDE (__init_array_end, .)
                0x20000078                . = ALIGN (0x4)
                0x20000078                PROVIDE (__fini_array_start, .)
 *(SORT(.fini_array.*))
 *(.fini_array)
                0x20000078                PROVIDE (__fini_array_end, .)
 *(.jcr*)
                0x20000078                . = ALIGN (0x4)
                0x20000078                __data_end__ = .
                0x20000078                _edata = __data_end__

.igot.plt       0x20000078        0x0 load address 0x08006628
 .igot.plt      0x00000000        0x0 ..\obj\IRQHandlers.o

.bss            0x20000078      0x104 load address 0x08006628
                0x20000078                . = ALIGN (0x4)
                0x20000078                __bss_start__ = .
                0x20000078                _sbss = __bss_start__
 *(.bss*)
 .bss           0x20000078       0x24 ..\obj\IRQHandlers.o
                0x20000078                motor_begin
                0x2000007c                motor_etalon_koef
                0x20000080                motor_1_koef
                0x20000084                servoBackForth_begin
                0x20000088                servoBackForth_etalon_koef
                0x2000008c                servoBackForth_1_koef
                0x20000090                servoBackForth_2_koef
                0x20000094                servoBackForth_3_koef
                0x20000098                servoBackForth_4_koef
 .bss           0x2000009c        0x4 ..\obj\DelayForLCD32.o
 .bss           0x200000a0        0x8 ..\obj\Tim4Init.o
                0x200000a0                wait_before_start_motors_count
                0x200000a4                count
 *(COMMON)
 COMMON         0x200000a8       0x20 ..\obj\IRQHandlers.o
                0x200000a8                motor_4
                0x200000ac                servoBackForth_4
                0x200000b0                servoBackForth_2
                0x200000b4                motor_2
                0x200000b8                motor_3
                0x200000bc                servoBackForth_3
                0x200000c0                servoBackForth_1
                0x200000c4                motor_1
 COMMON         0x200000c8       0x7c ..\obj\stm32f4_discovery_audio_codec.o
                0x200000c8                CurrentPos
                0x200000cc                AUDIO_MAL_DMA_InitStructure
                0x20000108                DMA_InitStructure
 COMMON         0x20000144        0x4 ..\obj\stm32f4_discovery.o
                0x20000144                NVIC_InitStructure
 COMMON         0x20000148       0x28 ..\obj\Tim3Init.o
                0x20000148                TIM_OCStruct
                0x2000015c                TIM_BaseStruct
                0x20000168                GPIO_InitStruct
 COMMON         0x20000170        0xc ..\obj\Configure_PinsForIRQs.o
                0x20000170                NVIC_InitStruct
                0x20000174                EXTI_InitStruct
                0x2000017c                . = ALIGN (0x4)
                0x2000017c                __bss_end__ = .
                0x2000017c                _ebss = __bss_end__

.heap           0x2000017c        0x0
                0x2000017c                __end__ = .
                0x2000017c                _end = __end__
                0x2000017c                end = __end__
 *(.heap*)
                0x2000017c                __HeapLimit = .

.co_stack       0x2000017c      0x804 load address 0x0800672c
                0x20000180                . = ALIGN (0x8)
 *fill*         0x2000017c        0x4 
 *(.co_stack .co_stack.*)
 .co_stack      0x20000180      0x800 ..\obj\startup_stm32f4xx.o
                0x20000180                pulStack
                0x20020000                __StackTop = (ORIGIN (ram) + 0x20000)
                0x2001f7fc                __StackLimit = (__StackTop - SIZEOF (.co_stack))
                0x20020000                PROVIDE (__stack, __StackTop)
                0x00000001                ASSERT ((__StackLimit >= __HeapLimit), region ram  overflowed with stack)
LOAD ..\obj\IRQHandlers.o
LOAD ..\obj\stm32f4xx_syscfg.o
LOAD ..\obj\SSD1289.o
LOAD ..\obj\stm32f4_discovery_audio_codec.o
LOAD ..\obj\stm32f4xx_pwr.o
LOAD ..\obj\stm32f4xx_dac.o
LOAD ..\obj\startup_stm32f4xx.o
LOAD ..\obj\stm32f4_discovery.o
LOAD ..\obj\main.o
LOAD ..\obj\stm32f4xx_rcc.o
LOAD ..\obj\stm32f4xx_it.o
LOAD ..\obj\AsciiLib.o
LOAD ..\obj\Tim3Init.o
LOAD ..\obj\I2C.o
LOAD ..\obj\stm32f4xx_gpio.o
LOAD ..\obj\system_stm32f4xx.o
LOAD ..\obj\stm32f4xx_dma.o
LOAD ..\obj\DelayForLCD32.o
LOAD ..\obj\stm32f4_discovery_callbacks.o
LOAD ..\obj\Tim4Init.o
LOAD ..\obj\SPI.o
LOAD ..\obj\stm32f4xx_spi.o
LOAD ..\obj\ShowInfoLCD32.o
LOAD ..\obj\stm32f4xx_i2c.o
LOAD ..\obj\stm32f4xx_rng.o
LOAD ..\obj\stm32f4xx_exti.o
LOAD ..\obj\misc.o
LOAD ..\obj\stm32f4_discovery_lis302dl.o
LOAD ..\obj\stm32f4xx_tim.o
LOAD ..\obj\Configure_PinsForIRQs.o
LOAD ..\..\..\STM32F4-Discovery\libpdmfilter_gcc.a
START GROUP
LOAD c:/program files (x86)/gnu tools arm embedded/4.9 2015q1/bin/../lib/gcc/arm-none-eabi/4.9.3/armv7e-m\libgcc.a
LOAD c:/program files (x86)/gnu tools arm embedded/4.9 2015q1/bin/../lib/gcc/arm-none-eabi/4.9.3/../../../../arm-none-eabi/lib/armv7e-m\libg.a
LOAD c:/program files (x86)/gnu tools arm embedded/4.9 2015q1/bin/../lib/gcc/arm-none-eabi/4.9.3/../../../../arm-none-eabi/lib/armv7e-m\libc.a
END GROUP
OUTPUT(multi.elf elf32-littlearm)

.debug_info     0x00000000     0xaf6a
 .debug_info    0x00000000      0x5de ..\obj\IRQHandlers.o
 .debug_info    0x000005de      0x26c ..\obj\stm32f4xx_syscfg.o
 .debug_info    0x0000084a      0xe76 ..\obj\SSD1289.o
 .debug_info    0x000016c0     0x1070 ..\obj\stm32f4_discovery_audio_codec.o
 .debug_info    0x00002730      0x63a ..\obj\stm32f4xx_dac.o
 .debug_info    0x00002d6a       0xed ..\obj\startup_stm32f4xx.o
 .debug_info    0x00002e57      0x889 ..\obj\stm32f4_discovery.o
 .debug_info    0x000036e0      0x741 ..\obj\main.o
 .debug_info    0x00003e21      0xc4d ..\obj\stm32f4xx_rcc.o
 .debug_info    0x00004a6e      0x1d4 ..\obj\stm32f4xx_it.o
 .debug_info    0x00004c42      0x157 ..\obj\AsciiLib.o
 .debug_info    0x00004d99      0x8ca ..\obj\Tim3Init.o
 .debug_info    0x00005663      0x602 ..\obj\stm32f4xx_gpio.o
 .debug_info    0x00005c65      0x592 ..\obj\system_stm32f4xx.o
 .debug_info    0x000061f7      0x739 ..\obj\stm32f4xx_dma.o
 .debug_info    0x00006930       0xf7 ..\obj\DelayForLCD32.o
 .debug_info    0x00006a27      0x109 ..\obj\stm32f4_discovery_callbacks.o
 .debug_info    0x00006b30      0x92b ..\obj\Tim4Init.o
 .debug_info    0x0000745b      0xb07 ..\obj\stm32f4xx_spi.o
 .debug_info    0x00007f62      0x46b ..\obj\ShowInfoLCD32.o
 .debug_info    0x000083cd      0x347 ..\obj\stm32f4xx_exti.o
 .debug_info    0x00008714      0x53d ..\obj\misc.o
 .debug_info    0x00008c51     0x1c61 ..\obj\stm32f4xx_tim.o
 .debug_info    0x0000a8b2      0x6b8 ..\obj\Configure_PinsForIRQs.o

.debug_abbrev   0x00000000     0x1f4f
 .debug_abbrev  0x00000000      0x12f ..\obj\IRQHandlers.o
 .debug_abbrev  0x0000012f      0x131 ..\obj\stm32f4xx_syscfg.o
 .debug_abbrev  0x00000260      0x1dc ..\obj\SSD1289.o
 .debug_abbrev  0x0000043c      0x256 ..\obj\stm32f4_discovery_audio_codec.o
 .debug_abbrev  0x00000692      0x17c ..\obj\stm32f4xx_dac.o
 .debug_abbrev  0x0000080e       0xb0 ..\obj\startup_stm32f4xx.o
 .debug_abbrev  0x000008be      0x183 ..\obj\stm32f4_discovery.o
 .debug_abbrev  0x00000a41      0x176 ..\obj\main.o
 .debug_abbrev  0x00000bb7      0x1e3 ..\obj\stm32f4xx_rcc.o
 .debug_abbrev  0x00000d9a       0xb6 ..\obj\stm32f4xx_it.o
 .debug_abbrev  0x00000e50       0x9e ..\obj\AsciiLib.o
 .debug_abbrev  0x00000eee      0x167 ..\obj\Tim3Init.o
 .debug_abbrev  0x00001055      0x1a3 ..\obj\stm32f4xx_gpio.o
 .debug_abbrev  0x000011f8      0x136 ..\obj\system_stm32f4xx.o
 .debug_abbrev  0x0000132e      0x155 ..\obj\stm32f4xx_dma.o
 .debug_abbrev  0x00001483       0x9d ..\obj\DelayForLCD32.o
 .debug_abbrev  0x00001520       0x90 ..\obj\stm32f4_discovery_callbacks.o
 .debug_abbrev  0x000015b0      0x19b ..\obj\Tim4Init.o
 .debug_abbrev  0x0000174b      0x167 ..\obj\stm32f4xx_spi.o
 .debug_abbrev  0x000018b2      0x108 ..\obj\ShowInfoLCD32.o
 .debug_abbrev  0x000019ba      0x1a5 ..\obj\stm32f4xx_exti.o
 .debug_abbrev  0x00001b5f      0x145 ..\obj\misc.o
 .debug_abbrev  0x00001ca4      0x187 ..\obj\stm32f4xx_tim.o
 .debug_abbrev  0x00001e2b      0x124 ..\obj\Configure_PinsForIRQs.o

.debug_aranges  0x00000000      0xd70
 .debug_aranges
                0x00000000       0x48 ..\obj\IRQHandlers.o
 .debug_aranges
                0x00000048       0x48 ..\obj\stm32f4xx_syscfg.o
 .debug_aranges
                0x00000090      0x108 ..\obj\SSD1289.o
 .debug_aranges
                0x00000198      0x130 ..\obj\stm32f4_discovery_audio_codec.o
 .debug_aranges
                0x000002c8       0xa0 ..\obj\stm32f4xx_dac.o
 .debug_aranges
                0x00000368       0x28 ..\obj\startup_stm32f4xx.o
 .debug_aranges
                0x00000390       0x48 ..\obj\stm32f4_discovery.o
 .debug_aranges
                0x000003d8       0x30 ..\obj\main.o
 .debug_aranges
                0x00000408      0x178 ..\obj\stm32f4xx_rcc.o
 .debug_aranges
                0x00000580       0x60 ..\obj\stm32f4xx_it.o
 .debug_aranges
                0x000005e0       0x20 ..\obj\AsciiLib.o
 .debug_aranges
                0x00000600       0x50 ..\obj\Tim3Init.o
 .debug_aranges
                0x00000650       0x88 ..\obj\stm32f4xx_gpio.o
 .debug_aranges
                0x000006d8       0x30 ..\obj\system_stm32f4xx.o
 .debug_aranges
                0x00000708       0xb0 ..\obj\stm32f4xx_dma.o
 .debug_aranges
                0x000007b8       0x28 ..\obj\DelayForLCD32.o
 .debug_aranges
                0x000007e0       0x28 ..\obj\stm32f4_discovery_callbacks.o
 .debug_aranges
                0x00000808       0x48 ..\obj\Tim4Init.o
 .debug_aranges
                0x00000850       0xe0 ..\obj\stm32f4xx_spi.o
 .debug_aranges
                0x00000930       0x30 ..\obj\ShowInfoLCD32.o
 .debug_aranges
                0x00000960       0x58 ..\obj\stm32f4xx_exti.o
 .debug_aranges
                0x000009b8       0x40 ..\obj\misc.o
 .debug_aranges
                0x000009f8      0x2f8 ..\obj\stm32f4xx_tim.o
 .debug_aranges
                0x00000cf0       0x80 ..\obj\Configure_PinsForIRQs.o

.debug_ranges   0x00000000      0xbf0
 .debug_ranges  0x00000000       0x38 ..\obj\IRQHandlers.o
 .debug_ranges  0x00000038       0x38 ..\obj\stm32f4xx_syscfg.o
 .debug_ranges  0x00000070       0xf8 ..\obj\SSD1289.o
 .debug_ranges  0x00000168      0x120 ..\obj\stm32f4_discovery_audio_codec.o
 .debug_ranges  0x00000288       0x90 ..\obj\stm32f4xx_dac.o
 .debug_ranges  0x00000318       0x18 ..\obj\startup_stm32f4xx.o
 .debug_ranges  0x00000330       0x38 ..\obj\stm32f4_discovery.o
 .debug_ranges  0x00000368       0x20 ..\obj\main.o
 .debug_ranges  0x00000388      0x168 ..\obj\stm32f4xx_rcc.o
 .debug_ranges  0x000004f0       0x50 ..\obj\stm32f4xx_it.o
 .debug_ranges  0x00000540       0x10 ..\obj\AsciiLib.o
 .debug_ranges  0x00000550       0x40 ..\obj\Tim3Init.o
 .debug_ranges  0x00000590       0x78 ..\obj\stm32f4xx_gpio.o
 .debug_ranges  0x00000608       0x20 ..\obj\system_stm32f4xx.o
 .debug_ranges  0x00000628       0xa0 ..\obj\stm32f4xx_dma.o
 .debug_ranges  0x000006c8       0x18 ..\obj\DelayForLCD32.o
 .debug_ranges  0x000006e0       0x18 ..\obj\stm32f4_discovery_callbacks.o
 .debug_ranges  0x000006f8       0x38 ..\obj\Tim4Init.o
 .debug_ranges  0x00000730       0xd0 ..\obj\stm32f4xx_spi.o
 .debug_ranges  0x00000800       0x20 ..\obj\ShowInfoLCD32.o
 .debug_ranges  0x00000820       0x48 ..\obj\stm32f4xx_exti.o
 .debug_ranges  0x00000868       0x30 ..\obj\misc.o
 .debug_ranges  0x00000898      0x2e8 ..\obj\stm32f4xx_tim.o
 .debug_ranges  0x00000b80       0x70 ..\obj\Configure_PinsForIRQs.o

.debug_line     0x00000000     0x481f
 .debug_line    0x00000000      0x212 ..\obj\IRQHandlers.o
 .debug_line    0x00000212      0x1e4 ..\obj\stm32f4xx_syscfg.o
 .debug_line    0x000003f6      0x61e ..\obj\SSD1289.o
 .debug_line    0x00000a14      0x68a ..\obj\stm32f4_discovery_audio_codec.o
 .debug_line    0x0000109e      0x30f ..\obj\stm32f4xx_dac.o
 .debug_line    0x000013ad       0x8b ..\obj\startup_stm32f4xx.o
 .debug_line    0x00001438      0x260 ..\obj\stm32f4_discovery.o
 .debug_line    0x00001698      0x1da ..\obj\main.o
 .debug_line    0x00001872      0x558 ..\obj\stm32f4xx_rcc.o
 .debug_line    0x00001dca      0x1e6 ..\obj\stm32f4xx_it.o
 .debug_line    0x00001fb0      0x12d ..\obj\AsciiLib.o
 .debug_line    0x000020dd      0x26d ..\obj\Tim3Init.o
 .debug_line    0x0000234a      0x2fa ..\obj\stm32f4xx_gpio.o
 .debug_line    0x00002644      0x1d1 ..\obj\system_stm32f4xx.o
 .debug_line    0x00002815      0x393 ..\obj\stm32f4xx_dma.o
 .debug_line    0x00002ba8      0x15a ..\obj\DelayForLCD32.o
 .debug_line    0x00002d02      0x159 ..\obj\stm32f4_discovery_callbacks.o
 .debug_line    0x00002e5b      0x25d ..\obj\Tim4Init.o
 .debug_line    0x000030b8      0x409 ..\obj\stm32f4xx_spi.o
 .debug_line    0x000034c1      0x1c3 ..\obj\ShowInfoLCD32.o
 .debug_line    0x00003684      0x25c ..\obj\stm32f4xx_exti.o
 .debug_line    0x000038e0      0x1fc ..\obj\misc.o
 .debug_line    0x00003adc      0xa21 ..\obj\stm32f4xx_tim.o
 .debug_line    0x000044fd      0x322 ..\obj\Configure_PinsForIRQs.o

.debug_str      0x00000000     0x3cd0
 .debug_str     0x00000000      0x4d6 ..\obj\IRQHandlers.o
                                0x54a (size before relaxing)
 .debug_str     0x000004d6      0x189 ..\obj\stm32f4xx_syscfg.o
                                0x2de (size before relaxing)
 .debug_str     0x0000065f      0x4b6 ..\obj\SSD1289.o
                                0x6b2 (size before relaxing)
 .debug_str     0x00000b15      0xc98 ..\obj\stm32f4_discovery_audio_codec.o
                               0x105c (size before relaxing)
 .debug_str     0x000017ad      0x224 ..\obj\stm32f4xx_dac.o
                                0x43d (size before relaxing)
 .debug_str     0x000019d1       0x9a ..\obj\startup_stm32f4xx.o
                                0x131 (size before relaxing)
 .debug_str     0x00001a6b      0x282 ..\obj\stm32f4_discovery.o
                                0xb21 (size before relaxing)
 .debug_str     0x00001ced      0x122 ..\obj\main.o
                                0x80e (size before relaxing)
 .debug_str     0x00001e0f      0x626 ..\obj\stm32f4xx_rcc.o
                                0x83a (size before relaxing)
 .debug_str     0x00002435       0xb4 ..\obj\stm32f4xx_it.o
                                0x25f (size before relaxing)
 .debug_str     0x000024e9       0x2d ..\obj\AsciiLib.o
                                0x1a6 (size before relaxing)
 .debug_str     0x00002516      0x1c3 ..\obj\Tim3Init.o
                                0xb45 (size before relaxing)
 .debug_str     0x000026d9      0x14a ..\obj\stm32f4xx_gpio.o
                                0x48d (size before relaxing)
 .debug_str     0x00002823       0x9e ..\obj\system_stm32f4xx.o
                                0x394 (size before relaxing)
 .debug_str     0x000028c1      0x251 ..\obj\stm32f4xx_dma.o
                                0x52c (size before relaxing)
 .debug_str     0x00002b12       0x4d ..\obj\DelayForLCD32.o
                                0x18f (size before relaxing)
 .debug_str     0x00002b5f       0x72 ..\obj\stm32f4_discovery_callbacks.o
                                0x1cf (size before relaxing)
 .debug_str     0x00002bd1       0xa0 ..\obj\Tim4Init.o
                                0xb93 (size before relaxing)
 .debug_str     0x00002c71      0x30f ..\obj\stm32f4xx_spi.o
                                0x674 (size before relaxing)
 .debug_str     0x00002f80       0x76 ..\obj\ShowInfoLCD32.o
                                0x33d (size before relaxing)
 .debug_str     0x00002ff6       0xea ..\obj\stm32f4xx_exti.o
                                0x343 (size before relaxing)
 .debug_str     0x000030e0       0xf3 ..\obj\misc.o
                                0x3b8 (size before relaxing)
 .debug_str     0x000031d3      0x9e8 ..\obj\stm32f4xx_tim.o
                                0xdba (size before relaxing)
 .debug_str     0x00003bbb      0x115 ..\obj\Configure_PinsForIRQs.o
                                0xa8b (size before relaxing)

.comment        0x00000000       0x70
 .comment       0x00000000       0x70 ..\obj\IRQHandlers.o
                                 0x71 (size before relaxing)
 .comment       0x00000000       0x71 ..\obj\stm32f4xx_syscfg.o
 .comment       0x00000000       0x71 ..\obj\SSD1289.o
 .comment       0x00000000       0x71 ..\obj\stm32f4_discovery_audio_codec.o
 .comment       0x00000000       0x71 ..\obj\stm32f4xx_dac.o
 .comment       0x00000000       0x71 ..\obj\startup_stm32f4xx.o
 .comment       0x00000000       0x71 ..\obj\stm32f4_discovery.o
 .comment       0x00000000       0x71 ..\obj\main.o
 .comment       0x00000000       0x71 ..\obj\stm32f4xx_rcc.o
 .comment       0x00000000       0x71 ..\obj\stm32f4xx_it.o
 .comment       0x00000000       0x71 ..\obj\AsciiLib.o
 .comment       0x00000000       0x71 ..\obj\Tim3Init.o
 .comment       0x00000000       0x71 ..\obj\stm32f4xx_gpio.o
 .comment       0x00000000       0x71 ..\obj\system_stm32f4xx.o
 .comment       0x00000000       0x71 ..\obj\stm32f4xx_dma.o
 .comment       0x00000000       0x71 ..\obj\DelayForLCD32.o
 .comment       0x00000000       0x71 ..\obj\stm32f4_discovery_callbacks.o
 .comment       0x00000000       0x71 ..\obj\Tim4Init.o
 .comment       0x00000000       0x71 ..\obj\stm32f4xx_spi.o
 .comment       0x00000000       0x71 ..\obj\ShowInfoLCD32.o
 .comment       0x00000000       0x71 ..\obj\stm32f4xx_exti.o
 .comment       0x00000000       0x71 ..\obj\misc.o
 .comment       0x00000000       0x71 ..\obj\stm32f4xx_tim.o
 .comment       0x00000000       0x71 ..\obj\Configure_PinsForIRQs.o

.ARM.attributes
                0x00000000       0x33
 .ARM.attributes
                0x00000000       0x33 ..\obj\IRQHandlers.o
 .ARM.attributes
                0x00000033       0x33 ..\obj\stm32f4xx_syscfg.o
 .ARM.attributes
                0x00000066       0x33 ..\obj\SSD1289.o
 .ARM.attributes
                0x00000099       0x33 ..\obj\stm32f4_discovery_audio_codec.o
 .ARM.attributes
                0x000000cc       0x33 ..\obj\stm32f4xx_dac.o
 .ARM.attributes
                0x000000ff       0x33 ..\obj\startup_stm32f4xx.o
 .ARM.attributes
                0x00000132       0x33 ..\obj\stm32f4_discovery.o
 .ARM.attributes
                0x00000165       0x33 ..\obj\main.o
 .ARM.attributes
                0x00000198       0x33 ..\obj\stm32f4xx_rcc.o
 .ARM.attributes
                0x000001cb       0x33 ..\obj\stm32f4xx_it.o
 .ARM.attributes
                0x000001fe       0x33 ..\obj\AsciiLib.o
 .ARM.attributes
                0x00000231       0x33 ..\obj\Tim3Init.o
 .ARM.attributes
                0x00000264       0x33 ..\obj\stm32f4xx_gpio.o
 .ARM.attributes
                0x00000297       0x33 ..\obj\system_stm32f4xx.o
 .ARM.attributes
                0x000002ca       0x33 ..\obj\stm32f4xx_dma.o
 .ARM.attributes
                0x000002fd       0x33 ..\obj\DelayForLCD32.o
 .ARM.attributes
                0x00000330       0x33 ..\obj\stm32f4_discovery_callbacks.o
 .ARM.attributes
                0x00000363       0x33 ..\obj\Tim4Init.o
 .ARM.attributes
                0x00000396       0x33 ..\obj\stm32f4xx_spi.o
 .ARM.attributes
                0x000003c9       0x33 ..\obj\ShowInfoLCD32.o
 .ARM.attributes
                0x000003fc       0x33 ..\obj\stm32f4xx_exti.o
 .ARM.attributes
                0x0000042f       0x33 ..\obj\misc.o
 .ARM.attributes
                0x00000462       0x33 ..\obj\stm32f4xx_tim.o
 .ARM.attributes
                0x00000495       0x33 ..\obj\Configure_PinsForIRQs.o
 .ARM.attributes
                0x000004c8       0x1e c:/program files (x86)/gnu tools arm embedded/4.9 2015q1/bin/../lib/gcc/arm-none-eabi/4.9.3/armv7e-m\libgcc.a(_arm_addsubsf3.o)
 .ARM.attributes
                0x000004e6       0x1e c:/program files (x86)/gnu tools arm embedded/4.9 2015q1/bin/../lib/gcc/arm-none-eabi/4.9.3/armv7e-m\libgcc.a(_arm_muldivsf3.o)
 .ARM.attributes
                0x00000504       0x1e c:/program files (x86)/gnu tools arm embedded/4.9 2015q1/bin/../lib/gcc/arm-none-eabi/4.9.3/armv7e-m\libgcc.a(_arm_fixunssfsi.o)
 .ARM.attributes
                0x00000522       0x2e c:/program files (x86)/gnu tools arm embedded/4.9 2015q1/bin/../lib/gcc/arm-none-eabi/4.9.3/../../../../arm-none-eabi/lib/armv7e-m\libg.a(lib_a-itoa.o)
 .ARM.attributes
                0x00000550       0x2e c:/program files (x86)/gnu tools arm embedded/4.9 2015q1/bin/../lib/gcc/arm-none-eabi/4.9.3/../../../../arm-none-eabi/lib/armv7e-m\libg.a(lib_a-strcat.o)
 .ARM.attributes
                0x0000057e       0x2e c:/program files (x86)/gnu tools arm embedded/4.9 2015q1/bin/../lib/gcc/arm-none-eabi/4.9.3/../../../../arm-none-eabi/lib/armv7e-m\libg.a(lib_a-strcpy.o)
 .ARM.attributes
                0x000005ac       0x2e c:/program files (x86)/gnu tools arm embedded/4.9 2015q1/bin/../lib/gcc/arm-none-eabi/4.9.3/../../../../arm-none-eabi/lib/armv7e-m\libg.a(lib_a-strlen.o)
 .ARM.attributes
                0x000005da       0x2e c:/program files (x86)/gnu tools arm embedded/4.9 2015q1/bin/../lib/gcc/arm-none-eabi/4.9.3/../../../../arm-none-eabi/lib/armv7e-m\libg.a(lib_a-utoa.o)

.debug_frame    0x00000000     0x36e0
 .debug_frame   0x00000000       0xc8 ..\obj\IRQHandlers.o
 .debug_frame   0x000000c8       0xf4 ..\obj\stm32f4xx_syscfg.o
 .debug_frame   0x000001bc      0x484 ..\obj\SSD1289.o
 .debug_frame   0x00000640      0x4bc ..\obj\stm32f4_discovery_audio_codec.o
 .debug_frame   0x00000afc      0x2ac ..\obj\stm32f4xx_dac.o
 .debug_frame   0x00000da8       0x4c ..\obj\startup_stm32f4xx.o
 .debug_frame   0x00000df4       0xf4 ..\obj\stm32f4_discovery.o
 .debug_frame   0x00000ee8       0x78 ..\obj\main.o
 .debug_frame   0x00000f60      0x6d4 ..\obj\stm32f4xx_rcc.o
 .debug_frame   0x00001634      0x10c ..\obj\stm32f4xx_it.o
 .debug_frame   0x00001740       0x3c ..\obj\AsciiLib.o
 .debug_frame   0x0000177c       0xdc ..\obj\Tim3Init.o
 .debug_frame   0x00001858      0x23c ..\obj\stm32f4xx_gpio.o
 .debug_frame   0x00001a94       0x7c ..\obj\system_stm32f4xx.o
 .debug_frame   0x00001b10      0x308 ..\obj\stm32f4xx_dma.o
 .debug_frame   0x00001e18       0x58 ..\obj\DelayForLCD32.o
 .debug_frame   0x00001e70       0x58 ..\obj\stm32f4_discovery_callbacks.o
 .debug_frame   0x00001ec8       0xc0 ..\obj\Tim4Init.o
 .debug_frame   0x00001f88      0x3f4 ..\obj\stm32f4xx_spi.o
 .debug_frame   0x0000237c       0x84 ..\obj\ShowInfoLCD32.o
 .debug_frame   0x00002400      0x148 ..\obj\stm32f4xx_exti.o
 .debug_frame   0x00002548       0xd8 ..\obj\misc.o
 .debug_frame   0x00002620      0xe54 ..\obj\stm32f4xx_tim.o
 .debug_frame   0x00003474      0x17c ..\obj\Configure_PinsForIRQs.o
 .debug_frame   0x000035f0       0x3c c:/program files (x86)/gnu tools arm embedded/4.9 2015q1/bin/../lib/gcc/arm-none-eabi/4.9.3/../../../../arm-none-eabi/lib/armv7e-m\libg.a(lib_a-itoa.o)
 .debug_frame   0x0000362c       0x28 c:/program files (x86)/gnu tools arm embedded/4.9 2015q1/bin/../lib/gcc/arm-none-eabi/4.9.3/../../../../arm-none-eabi/lib/armv7e-m\libg.a(lib_a-strcat.o)
 .debug_frame   0x00003654       0x20 c:/program files (x86)/gnu tools arm embedded/4.9 2015q1/bin/../lib/gcc/arm-none-eabi/4.9.3/../../../../arm-none-eabi/lib/armv7e-m\libg.a(lib_a-strcpy.o)
 .debug_frame   0x00003674       0x20 c:/program files (x86)/gnu tools arm embedded/4.9 2015q1/bin/../lib/gcc/arm-none-eabi/4.9.3/../../../../arm-none-eabi/lib/armv7e-m\libg.a(lib_a-strlen.o)
 .debug_frame   0x00003694       0x4c c:/program files (x86)/gnu tools arm embedded/4.9 2015q1/bin/../lib/gcc/arm-none-eabi/4.9.3/../../../../arm-none-eabi/lib/armv7e-m\libg.a(lib_a-utoa.o)
